#! /home/linuxbrew/.linuxbrew/Cellar/icarus-verilog/13.0/bin/vvp
:ivl_version "13.0 (stable)" "(v13_0)";
:ivl_delay_selection "TYPICAL";
:vpi_time_precision - 12;
:vpi_module "/home/linuxbrew/.linuxbrew/Cellar/icarus-verilog/13.0/lib/ivl/system.vpi";
:vpi_module "/home/linuxbrew/.linuxbrew/Cellar/icarus-verilog/13.0/lib/ivl/vhdl_sys.vpi";
:vpi_module "/home/linuxbrew/.linuxbrew/Cellar/icarus-verilog/13.0/lib/ivl/vhdl_textio.vpi";
:vpi_module "/home/linuxbrew/.linuxbrew/Cellar/icarus-verilog/13.0/lib/ivl/v2005_math.vpi";
:vpi_module "/home/linuxbrew/.linuxbrew/Cellar/icarus-verilog/13.0/lib/ivl/va_math.vpi";
S_0x61f96ebabf90 .scope module, "tb_q1" "tb_q1" 2 17;
 .timescale -9 -12;
v0x61f96ebeb990_0 .var "clk", 0 0;
v0x61f96ebebae0_0 .net "dataadr", 31 0, v0x61f96ebe67a0_0;  1 drivers
v0x61f96ebebc30_0 .var/i "fail_count", 31 0;
v0x61f96ebebcf0_0 .net "memwrite", 0 0, v0x61f96ebe4040_0;  1 drivers
v0x61f96ebebe20_0 .var/i "pass_count", 31 0;
v0x61f96ebebf00_0 .var "reset", 0 0;
v0x61f96ebebfa0_0 .var/i "test_num", 31 0;
v0x61f96ebec080_0 .net "writedata", 31 0, L_0x61f96ebfd890;  1 drivers
E_0x61f96eb329d0 .event negedge, v0x61f96ebe58a0_0;
S_0x61f96ebac2c0 .scope task, "check_dmem" "check_dmem" 2 56, 2 56 0, S_0x61f96ebabf90;
 .timescale -9 -12;
v0x61f96eb90630_0 .var "addr", 31 0;
v0x61f96ebb23c0_0 .var "expected", 31 0;
v0x61f96ebbf2f0_0 .var "test_name", 255 0;
TD_tb_q1.check_dmem ;
    %load/vec4 v0x61f96ebebfa0_0;
    %addi 1, 0, 32;
    %store/vec4 v0x61f96ebebfa0_0, 0, 32;
    %load/vec4 v0x61f96eb90630_0;
    %parti/s 30, 2, 3;
    %ix/vec4 4;
    %load/vec4a v0x61f96ebe5510, 4;
    %load/vec4 v0x61f96ebb23c0_0;
    %cmp/e;
    %jmp/0xz  T_0.0, 6;
    %vpi_call 2 63 "$display", "  [PASS] Test %0d : %-20s | dmem[%0d] = 0x%08h (expected 0x%08h)", v0x61f96ebebfa0_0, v0x61f96ebbf2f0_0, v0x61f96eb90630_0, v0x61f96ebb23c0_0, v0x61f96ebb23c0_0 {0 0 0};
    %load/vec4 v0x61f96ebebe20_0;
    %addi 1, 0, 32;
    %store/vec4 v0x61f96ebebe20_0, 0, 32;
    %jmp T_0.1;
T_0.0 ;
    %vpi_call 2 67 "$display", "  [FAIL] Test %0d : %-20s | dmem[%0d] = 0x%08h (expected 0x%08h)", v0x61f96ebebfa0_0, v0x61f96ebbf2f0_0, v0x61f96eb90630_0, &A<v0x61f96ebe5510, &PV<v0x61f96eb90630_0, 2, 30> >, v0x61f96ebb23c0_0 {0 0 0};
    %load/vec4 v0x61f96ebebc30_0;
    %addi 1, 0, 32;
    %store/vec4 v0x61f96ebebc30_0, 0, 32;
T_0.1 ;
    %end;
S_0x61f96ebe2d70 .scope module, "dut" "riscv_core" 2 30, 3 1 0, S_0x61f96ebabf90;
 .timescale 0 0;
    .port_info 0 /INPUT 1 "clk";
    .port_info 1 /INPUT 1 "reset";
    .port_info 2 /OUTPUT 32 "writedata";
    .port_info 3 /OUTPUT 32 "dataadr";
    .port_info 4 /OUTPUT 1 "memwrite";
v0x61f96ebeab80_0 .net "alucontrol", 2 0, v0x61f96ebc0480_0;  1 drivers
v0x61f96ebeac40_0 .net "alusrc", 0 0, v0x61f96ebe3d10_0;  1 drivers
v0x61f96ebead00_0 .net "clk", 0 0, v0x61f96ebeb990_0;  1 drivers
v0x61f96ebeadd0_0 .net "dataadr", 31 0, v0x61f96ebe67a0_0;  alias, 1 drivers
v0x61f96ebeae70_0 .net "immsrc", 1 0, v0x61f96ebe3e50_0;  1 drivers
v0x61f96ebeafa0_0 .net "instr", 31 0, L_0x61f96ebfe380;  1 drivers
v0x61f96ebeb060_0 .net "jump", 0 0, v0x61f96ebe3f30_0;  1 drivers
v0x61f96ebeb150_0 .net "memwrite", 0 0, v0x61f96ebe4040_0;  alias, 1 drivers
v0x61f96ebeb1f0_0 .net "pc", 31 0, v0x61f96ebe97d0_0;  1 drivers
v0x61f96ebeb340_0 .net "pcsrc", 0 0, L_0x61f96ebbee50;  1 drivers
v0x61f96ebeb430_0 .net "readdata", 31 0, L_0x61f96ebfc960;  1 drivers
v0x61f96ebeb540_0 .net "regwrite", 0 0, v0x61f96ebe41e0_0;  1 drivers
v0x61f96ebeb670_0 .net "reset", 0 0, v0x61f96ebebf00_0;  1 drivers
v0x61f96ebeb710_0 .net "resultsrc", 1 0, L_0x61f96ebec700;  1 drivers
v0x61f96ebeb7b0_0 .net "writedata", 31 0, L_0x61f96ebfd890;  alias, 1 drivers
v0x61f96ebeb850_0 .net "zero", 0 0, L_0x61f96ebfdf20;  1 drivers
L_0x61f96ebec440 .part L_0x61f96ebfe380, 0, 7;
L_0x61f96ebec4e0 .part L_0x61f96ebfe380, 12, 3;
L_0x61f96ebec660 .part L_0x61f96ebfe380, 30, 1;
L_0x61f96ebec700 .concat8 [ 1 1 0 0], L_0x61f96ebec270, L_0x61f96ebec1d0;
S_0x61f96ebe2f70 .scope module, "c" "controller" 3 12, 4 1 0, S_0x61f96ebe2d70;
 .timescale 0 0;
    .port_info 0 /INPUT 7 "op";
    .port_info 1 /INPUT 3 "funct3";
    .port_info 2 /INPUT 1 "funct7_5";
    .port_info 3 /INPUT 1 "zero";
    .port_info 4 /OUTPUT 1 "resultsrc_0";
    .port_info 5 /OUTPUT 1 "resultsrc_1";
    .port_info 6 /OUTPUT 1 "memwrite";
    .port_info 7 /OUTPUT 1 "pcsrc";
    .port_info 8 /OUTPUT 1 "alusrc";
    .port_info 9 /OUTPUT 1 "regwrite";
    .port_info 10 /OUTPUT 1 "jump";
    .port_info 11 /OUTPUT 2 "immsrc";
    .port_info 12 /OUTPUT 3 "alucontrol";
L_0x61f96ebbeec0 .functor AND 1, v0x61f96ebe3db0_0, L_0x61f96ebfdf20, C4<1>, C4<1>;
L_0x61f96ebbee50 .functor OR 1, v0x61f96ebe3f30_0, L_0x61f96ebbeec0, C4<0>, C4<0>;
v0x61f96ebe44a0_0 .net *"_ivl_5", 0 0, L_0x61f96ebbeec0;  1 drivers
v0x61f96ebe45a0_0 .net "alucontrol", 2 0, v0x61f96ebc0480_0;  alias, 1 drivers
v0x61f96ebe4660_0 .net "aluop", 1 0, v0x61f96ebe3c30_0;  1 drivers
v0x61f96ebe4700_0 .net "alusrc", 0 0, v0x61f96ebe3d10_0;  alias, 1 drivers
v0x61f96ebe47a0_0 .net "branch", 0 0, v0x61f96ebe3db0_0;  1 drivers
v0x61f96ebe4890_0 .net "funct3", 2 0, L_0x61f96ebec4e0;  1 drivers
v0x61f96ebe4930_0 .net "funct7_5", 0 0, L_0x61f96ebec660;  1 drivers
v0x61f96ebe4a00_0 .net "immsrc", 1 0, v0x61f96ebe3e50_0;  alias, 1 drivers
v0x61f96ebe4ad0_0 .net "jump", 0 0, v0x61f96ebe3f30_0;  alias, 1 drivers
v0x61f96ebe4c30_0 .net "memwrite", 0 0, v0x61f96ebe4040_0;  alias, 1 drivers
v0x61f96ebe4d00_0 .net "op", 6 0, L_0x61f96ebec440;  1 drivers
v0x61f96ebe4dd0_0 .net "pcsrc", 0 0, L_0x61f96ebbee50;  alias, 1 drivers
v0x61f96ebe4e70_0 .net "regwrite", 0 0, v0x61f96ebe41e0_0;  alias, 1 drivers
v0x61f96ebe4f40_0 .net "resultsrc_0", 0 0, L_0x61f96ebec270;  1 drivers
v0x61f96ebe4fe0_0 .net "resultsrc_1", 0 0, L_0x61f96ebec1d0;  1 drivers
v0x61f96ebe5080_0 .net "zero", 0 0, L_0x61f96ebfdf20;  alias, 1 drivers
L_0x61f96ebec1d0 .part v0x61f96ebe42a0_0, 1, 1;
L_0x61f96ebec270 .part v0x61f96ebe42a0_0, 0, 1;
L_0x61f96ebec310 .part L_0x61f96ebec440, 5, 1;
S_0x61f96ebe3300 .scope module, "ad" "aludec" 4 28, 4 84 0, S_0x61f96ebe2f70;
 .timescale 0 0;
    .port_info 0 /INPUT 1 "opb5";
    .port_info 1 /INPUT 3 "funct3";
    .port_info 2 /INPUT 1 "funct7_5";
    .port_info 3 /INPUT 2 "aluop";
    .port_info 4 /OUTPUT 3 "alucontrol";
v0x61f96ebc0480_0 .var "alucontrol", 2 0;
v0x61f96ebe35b0_0 .net "aluop", 1 0, v0x61f96ebe3c30_0;  alias, 1 drivers
v0x61f96ebe3690_0 .net "funct3", 2 0, L_0x61f96ebec4e0;  alias, 1 drivers
v0x61f96ebe3750_0 .net "funct7_5", 0 0, L_0x61f96ebec660;  alias, 1 drivers
v0x61f96ebe3810_0 .net "opb5", 0 0, L_0x61f96ebec310;  1 drivers
E_0x61f96eb6b4b0 .event anyedge, v0x61f96ebe35b0_0, v0x61f96ebe3690_0, v0x61f96ebe3810_0, v0x61f96ebe3750_0;
S_0x61f96ebe39c0 .scope module, "md" "maindec" 4 16, 4 39 0, S_0x61f96ebe2f70;
 .timescale 0 0;
    .port_info 0 /INPUT 7 "op";
    .port_info 1 /OUTPUT 2 "resultsrc";
    .port_info 2 /OUTPUT 1 "memwrite";
    .port_info 3 /OUTPUT 1 "branch";
    .port_info 4 /OUTPUT 1 "alusrc";
    .port_info 5 /OUTPUT 1 "regwrite";
    .port_info 6 /OUTPUT 1 "jump";
    .port_info 7 /OUTPUT 2 "immsrc";
    .port_info 8 /OUTPUT 2 "aluop";
v0x61f96ebe3c30_0 .var "aluop", 1 0;
v0x61f96ebe3d10_0 .var "alusrc", 0 0;
v0x61f96ebe3db0_0 .var "branch", 0 0;
v0x61f96ebe3e50_0 .var "immsrc", 1 0;
v0x61f96ebe3f30_0 .var "jump", 0 0;
v0x61f96ebe4040_0 .var "memwrite", 0 0;
v0x61f96ebe4100_0 .net "op", 6 0, L_0x61f96ebec440;  alias, 1 drivers
v0x61f96ebe41e0_0 .var "regwrite", 0 0;
v0x61f96ebe42a0_0 .var "resultsrc", 1 0;
E_0x61f96eb32c60 .event anyedge, v0x61f96ebe4100_0;
S_0x61f96ebe5260 .scope module, "dmem_inst" "dmem" 3 50, 5 1 0, S_0x61f96ebe2d70;
 .timescale 0 0;
    .port_info 0 /INPUT 1 "clk";
    .port_info 1 /INPUT 1 "we";
    .port_info 2 /INPUT 32 "a";
    .port_info 3 /INPUT 32 "wd";
    .port_info 4 /OUTPUT 32 "rd";
L_0x61f96ebfc960 .functor BUFZ 32, L_0x61f96ebfe9c0, C4<00000000000000000000000000000000>, C4<00000000000000000000000000000000>, C4<00000000000000000000000000000000>;
v0x61f96ebe5510 .array "RAM", 63 0, 31 0;
v0x61f96ebe55f0_0 .net *"_ivl_0", 31 0, L_0x61f96ebfe9c0;  1 drivers
v0x61f96ebe56d0_0 .net *"_ivl_3", 29 0, L_0x61f96ebfea60;  1 drivers
v0x61f96ebe57c0_0 .net "a", 31 0, v0x61f96ebe67a0_0;  alias, 1 drivers
v0x61f96ebe58a0_0 .net "clk", 0 0, v0x61f96ebeb990_0;  alias, 1 drivers
v0x61f96ebe59b0_0 .net "rd", 31 0, L_0x61f96ebfc960;  alias, 1 drivers
v0x61f96ebe5a90_0 .net "wd", 31 0, L_0x61f96ebfd890;  alias, 1 drivers
v0x61f96ebe5b70_0 .net "we", 0 0, v0x61f96ebe4040_0;  alias, 1 drivers
E_0x61f96eb6b930 .event posedge, v0x61f96ebe58a0_0;
L_0x61f96ebfe9c0 .array/port v0x61f96ebe5510, L_0x61f96ebfea60;
L_0x61f96ebfea60 .part v0x61f96ebe67a0_0, 2, 30;
S_0x61f96ebe5d00 .scope module, "dp" "datapath" 3 28, 6 1 0, S_0x61f96ebe2d70;
 .timescale 0 0;
    .port_info 0 /INPUT 1 "clk";
    .port_info 1 /INPUT 1 "reset";
    .port_info 2 /INPUT 2 "resultsrc";
    .port_info 3 /INPUT 1 "pcsrc";
    .port_info 4 /INPUT 1 "alusrc";
    .port_info 5 /INPUT 1 "regwrite";
    .port_info 6 /INPUT 2 "immsrc";
    .port_info 7 /INPUT 3 "alucontrol";
    .port_info 8 /OUTPUT 1 "zero";
    .port_info 9 /OUTPUT 32 "pc";
    .port_info 10 /INPUT 32 "instr";
    .port_info 11 /OUTPUT 32 "aluout";
    .port_info 12 /OUTPUT 32 "writedata";
    .port_info 13 /INPUT 32 "readdata";
L_0x7f07a02ce018 .functor BUFT 1, C4<00000000000000000000000000000100>, C4<0>, C4<0>, C4<0>;
v0x61f96ebe88c0_0 .net/2u *"_ivl_0", 31 0, L_0x7f07a02ce018;  1 drivers
L_0x7f07a02ce2e8 .functor BUFT 1, C4<00>, C4<0>, C4<0>, C4<0>;
v0x61f96ebe89c0_0 .net/2u *"_ivl_18", 1 0, L_0x7f07a02ce2e8;  1 drivers
v0x61f96ebe8aa0_0 .net *"_ivl_20", 0 0, L_0x61f96ebfdfc0;  1 drivers
L_0x7f07a02ce330 .functor BUFT 1, C4<01>, C4<0>, C4<0>, C4<0>;
v0x61f96ebe8b40_0 .net/2u *"_ivl_22", 1 0, L_0x7f07a02ce330;  1 drivers
v0x61f96ebe8c20_0 .net *"_ivl_24", 0 0, L_0x61f96ebfe0b0;  1 drivers
L_0x7f07a02ce378 .functor BUFT 1, C4<10>, C4<0>, C4<0>, C4<0>;
v0x61f96ebe8ce0_0 .net/2u *"_ivl_26", 1 0, L_0x7f07a02ce378;  1 drivers
v0x61f96ebe8dc0_0 .net *"_ivl_28", 0 0, L_0x61f96ebfe240;  1 drivers
L_0x7f07a02ce3c0 .functor BUFT 1, C4<xxxxxxxxxxxxxxxxxxxxxxxxxxxxxxxx>, C4<0>, C4<0>, C4<0>;
v0x61f96ebe8e80_0 .net *"_ivl_30", 31 0, L_0x7f07a02ce3c0;  1 drivers
v0x61f96ebe8f60_0 .net *"_ivl_32", 31 0, L_0x61f96ebfe2e0;  1 drivers
v0x61f96ebe9040_0 .net *"_ivl_34", 31 0, L_0x61f96ebfe490;  1 drivers
v0x61f96ebe9120_0 .net "alucontrol", 2 0, v0x61f96ebc0480_0;  alias, 1 drivers
v0x61f96ebe91e0_0 .net "aluout", 31 0, v0x61f96ebe67a0_0;  alias, 1 drivers
v0x61f96ebe92a0_0 .net "alusrc", 0 0, v0x61f96ebe3d10_0;  alias, 1 drivers
v0x61f96ebe9390_0 .net "clk", 0 0, v0x61f96ebeb990_0;  alias, 1 drivers
v0x61f96ebe9480_0 .net "immext", 31 0, v0x61f96ebe6c60_0;  1 drivers
v0x61f96ebe9540_0 .net "immsrc", 1 0, v0x61f96ebe3e50_0;  alias, 1 drivers
v0x61f96ebe95e0_0 .net "instr", 31 0, L_0x61f96ebfe380;  alias, 1 drivers
v0x61f96ebe97d0_0 .var "pc", 31 0;
v0x61f96ebe98b0_0 .net "pcnext", 31 0, L_0x61f96ebfcb50;  1 drivers
v0x61f96ebe9990_0 .net "pcplus4", 31 0, L_0x61f96ebfc8c0;  1 drivers
v0x61f96ebe9a70_0 .net "pcsrc", 0 0, L_0x61f96ebbee50;  alias, 1 drivers
v0x61f96ebe9b10_0 .net "pctarget", 31 0, L_0x61f96ebfca20;  1 drivers
v0x61f96ebe9bd0_0 .net "readdata", 31 0, L_0x61f96ebfc960;  alias, 1 drivers
v0x61f96ebe9c90_0 .net "regwrite", 0 0, v0x61f96ebe41e0_0;  alias, 1 drivers
v0x61f96ebe9d30_0 .net "reset", 0 0, v0x61f96ebebf00_0;  alias, 1 drivers
v0x61f96ebe9dd0_0 .net "result", 31 0, L_0x61f96ebfe5d0;  1 drivers
v0x61f96ebe9e90_0 .net "resultsrc", 1 0, L_0x61f96ebec700;  alias, 1 drivers
v0x61f96ebe9f50_0 .net "srca", 31 0, L_0x61f96ebfd180;  1 drivers
v0x61f96ebea060_0 .net "srcb", 31 0, L_0x61f96ebfdde0;  1 drivers
v0x61f96ebea120_0 .net "writedata", 31 0, L_0x61f96ebfd890;  alias, 1 drivers
v0x61f96ebea210_0 .net "zero", 0 0, L_0x61f96ebfdf20;  alias, 1 drivers
E_0x61f96eb6bbe0 .event posedge, v0x61f96ebe9d30_0, v0x61f96ebe58a0_0;
L_0x61f96ebfc8c0 .arith/sum 32, v0x61f96ebe97d0_0, L_0x7f07a02ce018;
L_0x61f96ebfca20 .arith/sum 32, v0x61f96ebe97d0_0, v0x61f96ebe6c60_0;
L_0x61f96ebfcb50 .functor MUXZ 32, L_0x61f96ebfc8c0, L_0x61f96ebfca20, L_0x61f96ebbee50, C4<>;
L_0x61f96ebfd9e0 .part L_0x61f96ebfe380, 15, 5;
L_0x61f96ebfdab0 .part L_0x61f96ebfe380, 20, 5;
L_0x61f96ebfdb50 .part L_0x61f96ebfe380, 7, 5;
L_0x61f96ebfdd40 .part L_0x61f96ebfe380, 7, 25;
L_0x61f96ebfdde0 .functor MUXZ 32, L_0x61f96ebfd890, v0x61f96ebe6c60_0, v0x61f96ebe3d10_0, C4<>;
L_0x61f96ebfdfc0 .cmp/eq 2, L_0x61f96ebec700, L_0x7f07a02ce2e8;
L_0x61f96ebfe0b0 .cmp/eq 2, L_0x61f96ebec700, L_0x7f07a02ce330;
L_0x61f96ebfe240 .cmp/eq 2, L_0x61f96ebec700, L_0x7f07a02ce378;
L_0x61f96ebfe2e0 .functor MUXZ 32, L_0x7f07a02ce3c0, L_0x61f96ebfc8c0, L_0x61f96ebfe240, C4<>;
L_0x61f96ebfe490 .functor MUXZ 32, L_0x61f96ebfe2e0, L_0x61f96ebfc960, L_0x61f96ebfe0b0, C4<>;
L_0x61f96ebfe5d0 .functor MUXZ 32, L_0x61f96ebfe490, v0x61f96ebe67a0_0, L_0x61f96ebfdfc0, C4<>;
S_0x61f96ebe60d0 .scope module, "alu_inst" "alu" 6 47, 7 1 0, S_0x61f96ebe5d00;
 .timescale 0 0;
    .port_info 0 /INPUT 32 "a";
    .port_info 1 /INPUT 32 "b";
    .port_info 2 /INPUT 3 "alucontrol";
    .port_info 3 /OUTPUT 32 "result";
    .port_info 4 /OUTPUT 1 "zero";
L_0x7f07a02ce2a0 .functor BUFT 1, C4<00000000000000000000000000000000>, C4<0>, C4<0>, C4<0>;
v0x61f96ebe63c0_0 .net/2u *"_ivl_0", 31 0, L_0x7f07a02ce2a0;  1 drivers
v0x61f96ebe64c0_0 .net "a", 31 0, L_0x61f96ebfd180;  alias, 1 drivers
v0x61f96ebe65a0_0 .net "alucontrol", 2 0, v0x61f96ebc0480_0;  alias, 1 drivers
v0x61f96ebe66c0_0 .net "b", 31 0, L_0x61f96ebfdde0;  alias, 1 drivers
v0x61f96ebe67a0_0 .var "result", 31 0;
v0x61f96ebe68b0_0 .net "zero", 0 0, L_0x61f96ebfdf20;  alias, 1 drivers
E_0x61f96eb563b0 .event anyedge, v0x61f96ebc0480_0, v0x61f96ebe64c0_0, v0x61f96ebe66c0_0;
L_0x61f96ebfdf20 .cmp/eq 32, v0x61f96ebe67a0_0, L_0x7f07a02ce2a0;
S_0x61f96ebe69e0 .scope module, "ext" "extend" 6 39, 8 1 0, S_0x61f96ebe5d00;
 .timescale 0 0;
    .port_info 0 /INPUT 25 "instr";
    .port_info 1 /INPUT 2 "immsrc";
    .port_info 2 /OUTPUT 32 "immext";
v0x61f96ebe6c60_0 .var "immext", 31 0;
v0x61f96ebe6d60_0 .net "immsrc", 1 0, v0x61f96ebe3e50_0;  alias, 1 drivers
v0x61f96ebe6e70_0 .net "instr", 31 7, L_0x61f96ebfdd40;  1 drivers
E_0x61f96ebe6be0 .event anyedge, v0x61f96ebe3e50_0, v0x61f96ebe6e70_0;
S_0x61f96ebe6fb0 .scope module, "rf" "regfile" 6 28, 9 1 0, S_0x61f96ebe5d00;
 .timescale 0 0;
    .port_info 0 /INPUT 1 "clk";
    .port_info 1 /INPUT 1 "we3";
    .port_info 2 /INPUT 5 "a1";
    .port_info 3 /INPUT 5 "a2";
    .port_info 4 /INPUT 5 "a3";
    .port_info 5 /INPUT 32 "wd3";
    .port_info 6 /OUTPUT 32 "rd1";
    .port_info 7 /OUTPUT 32 "rd2";
v0x61f96ebe71e0_0 .net *"_ivl_0", 31 0, L_0x61f96ebfccd0;  1 drivers
v0x61f96ebe72a0_0 .net *"_ivl_10", 6 0, L_0x61f96ebfcfa0;  1 drivers
L_0x7f07a02ce0f0 .functor BUFT 1, C4<00>, C4<0>, C4<0>, C4<0>;
v0x61f96ebe7380_0 .net *"_ivl_13", 1 0, L_0x7f07a02ce0f0;  1 drivers
L_0x7f07a02ce138 .functor BUFT 1, C4<00000000000000000000000000000000>, C4<0>, C4<0>, C4<0>;
v0x61f96ebe7470_0 .net/2u *"_ivl_14", 31 0, L_0x7f07a02ce138;  1 drivers
v0x61f96ebe7550_0 .net *"_ivl_18", 31 0, L_0x61f96ebfd310;  1 drivers
L_0x7f07a02ce180 .functor BUFT 1, C4<000000000000000000000000000>, C4<0>, C4<0>, C4<0>;
v0x61f96ebe7680_0 .net *"_ivl_21", 26 0, L_0x7f07a02ce180;  1 drivers
L_0x7f07a02ce1c8 .functor BUFT 1, C4<00000000000000000000000000000000>, C4<0>, C4<0>, C4<0>;
v0x61f96ebe7760_0 .net/2u *"_ivl_22", 31 0, L_0x7f07a02ce1c8;  1 drivers
v0x61f96ebe7840_0 .net *"_ivl_24", 0 0, L_0x61f96ebfd440;  1 drivers
v0x61f96ebe7900_0 .net *"_ivl_26", 31 0, L_0x61f96ebfd580;  1 drivers
v0x61f96ebe7a70_0 .net *"_ivl_28", 6 0, L_0x61f96ebfd670;  1 drivers
L_0x7f07a02ce060 .functor BUFT 1, C4<000000000000000000000000000>, C4<0>, C4<0>, C4<0>;
v0x61f96ebe7b50_0 .net *"_ivl_3", 26 0, L_0x7f07a02ce060;  1 drivers
L_0x7f07a02ce210 .functor BUFT 1, C4<00>, C4<0>, C4<0>, C4<0>;
v0x61f96ebe7c30_0 .net *"_ivl_31", 1 0, L_0x7f07a02ce210;  1 drivers
L_0x7f07a02ce258 .functor BUFT 1, C4<00000000000000000000000000000000>, C4<0>, C4<0>, C4<0>;
v0x61f96ebe7d10_0 .net/2u *"_ivl_32", 31 0, L_0x7f07a02ce258;  1 drivers
L_0x7f07a02ce0a8 .functor BUFT 1, C4<00000000000000000000000000000000>, C4<0>, C4<0>, C4<0>;
v0x61f96ebe7df0_0 .net/2u *"_ivl_4", 31 0, L_0x7f07a02ce0a8;  1 drivers
v0x61f96ebe7ed0_0 .net *"_ivl_6", 0 0, L_0x61f96ebfcdc0;  1 drivers
v0x61f96ebe7f90_0 .net *"_ivl_8", 31 0, L_0x61f96ebfcf00;  1 drivers
v0x61f96ebe8070_0 .net "a1", 4 0, L_0x61f96ebfd9e0;  1 drivers
v0x61f96ebe8150_0 .net "a2", 4 0, L_0x61f96ebfdab0;  1 drivers
v0x61f96ebe8230_0 .net "a3", 4 0, L_0x61f96ebfdb50;  1 drivers
v0x61f96ebe8310_0 .net "clk", 0 0, v0x61f96ebeb990_0;  alias, 1 drivers
v0x61f96ebe83b0_0 .net "rd1", 31 0, L_0x61f96ebfd180;  alias, 1 drivers
v0x61f96ebe8480_0 .net "rd2", 31 0, L_0x61f96ebfd890;  alias, 1 drivers
v0x61f96ebe8550 .array "rf", 0 31, 31 0;
v0x61f96ebe85f0_0 .net "wd3", 31 0, L_0x61f96ebfe5d0;  alias, 1 drivers
v0x61f96ebe86d0_0 .net "we3", 0 0, v0x61f96ebe41e0_0;  alias, 1 drivers
L_0x61f96ebfccd0 .concat [ 5 27 0 0], L_0x61f96ebfd9e0, L_0x7f07a02ce060;
L_0x61f96ebfcdc0 .cmp/ne 32, L_0x61f96ebfccd0, L_0x7f07a02ce0a8;
L_0x61f96ebfcf00 .array/port v0x61f96ebe8550, L_0x61f96ebfcfa0;
L_0x61f96ebfcfa0 .concat [ 5 2 0 0], L_0x61f96ebfd9e0, L_0x7f07a02ce0f0;
L_0x61f96ebfd180 .functor MUXZ 32, L_0x7f07a02ce138, L_0x61f96ebfcf00, L_0x61f96ebfcdc0, C4<>;
L_0x61f96ebfd310 .concat [ 5 27 0 0], L_0x61f96ebfdab0, L_0x7f07a02ce180;
L_0x61f96ebfd440 .cmp/ne 32, L_0x61f96ebfd310, L_0x7f07a02ce1c8;
L_0x61f96ebfd580 .array/port v0x61f96ebe8550, L_0x61f96ebfd670;
L_0x61f96ebfd670 .concat [ 5 2 0 0], L_0x61f96ebfdab0, L_0x7f07a02ce210;
L_0x61f96ebfd890 .functor MUXZ 32, L_0x7f07a02ce258, L_0x61f96ebfd580, L_0x61f96ebfd440, C4<>;
S_0x61f96ebea4c0 .scope module, "imem_inst" "imem" 3 45, 10 1 0, S_0x61f96ebe2d70;
 .timescale 0 0;
    .port_info 0 /INPUT 32 "a";
    .port_info 1 /OUTPUT 32 "rd";
L_0x61f96ebfe380 .functor BUFZ 32, L_0x61f96ebfe7e0, C4<00000000000000000000000000000000>, C4<00000000000000000000000000000000>, C4<00000000000000000000000000000000>;
v0x61f96ebea710 .array "ROM", 63 0, 31 0;
v0x61f96ebea7f0_0 .net *"_ivl_0", 31 0, L_0x61f96ebfe7e0;  1 drivers
v0x61f96ebea8d0_0 .net *"_ivl_3", 29 0, L_0x61f96ebfe880;  1 drivers
v0x61f96ebea990_0 .net "a", 31 0, v0x61f96ebe97d0_0;  alias, 1 drivers
v0x61f96ebeaa50_0 .net "rd", 31 0, L_0x61f96ebfe380;  alias, 1 drivers
L_0x61f96ebfe7e0 .array/port v0x61f96ebea710, L_0x61f96ebfe880;
L_0x61f96ebfe880 .part v0x61f96ebe97d0_0, 2, 30;
    .scope S_0x61f96ebe39c0;
T_1 ;
    %wait E_0x61f96eb32c60;
    %load/vec4 v0x61f96ebe4100_0;
    %dup/vec4;
    %pushi/vec4 3, 0, 7;
    %cmp/u;
    %jmp/1 T_1.0, 6;
    %dup/vec4;
    %pushi/vec4 35, 0, 7;
    %cmp/u;
    %jmp/1 T_1.1, 6;
    %dup/vec4;
    %pushi/vec4 51, 0, 7;
    %cmp/u;
    %jmp/1 T_1.2, 6;
    %dup/vec4;
    %pushi/vec4 99, 0, 7;
    %cmp/u;
    %jmp/1 T_1.3, 6;
    %dup/vec4;
    %pushi/vec4 19, 0, 7;
    %cmp/u;
    %jmp/1 T_1.4, 6;
    %dup/vec4;
    %pushi/vec4 111, 0, 7;
    %cmp/u;
    %jmp/1 T_1.5, 6;
    %pushi/vec4 0, 0, 1;
    %store/vec4 v0x61f96ebe41e0_0, 0, 1;
    %pushi/vec4 0, 0, 2;
    %store/vec4 v0x61f96ebe3e50_0, 0, 2;
    %pushi/vec4 0, 0, 1;
    %store/vec4 v0x61f96ebe3d10_0, 0, 1;
    %pushi/vec4 0, 0, 1;
    %store/vec4 v0x61f96ebe4040_0, 0, 1;
    %pushi/vec4 0, 0, 2;
    %store/vec4 v0x61f96ebe42a0_0, 0, 2;
    %pushi/vec4 0, 0, 1;
    %store/vec4 v0x61f96ebe3db0_0, 0, 1;
    %pushi/vec4 0, 0, 2;
    %store/vec4 v0x61f96ebe3c30_0, 0, 2;
    %pushi/vec4 0, 0, 1;
    %store/vec4 v0x61f96ebe3f30_0, 0, 1;
    %jmp T_1.7;
T_1.0 ;
    %pushi/vec4 1, 0, 1;
    %store/vec4 v0x61f96ebe41e0_0, 0, 1;
    %pushi/vec4 0, 0, 2;
    %store/vec4 v0x61f96ebe3e50_0, 0, 2;
    %pushi/vec4 1, 0, 1;
    %store/vec4 v0x61f96ebe3d10_0, 0, 1;
    %pushi/vec4 0, 0, 1;
    %store/vec4 v0x61f96ebe4040_0, 0, 1;
    %pushi/vec4 1, 0, 2;
    %store/vec4 v0x61f96ebe42a0_0, 0, 2;
    %pushi/vec4 0, 0, 1;
    %store/vec4 v0x61f96ebe3db0_0, 0, 1;
    %pushi/vec4 0, 0, 2;
    %store/vec4 v0x61f96ebe3c30_0, 0, 2;
    %pushi/vec4 0, 0, 1;
    %store/vec4 v0x61f96ebe3f30_0, 0, 1;
    %jmp T_1.7;
T_1.1 ;
    %pushi/vec4 0, 0, 1;
    %store/vec4 v0x61f96ebe41e0_0, 0, 1;
    %pushi/vec4 1, 0, 2;
    %store/vec4 v0x61f96ebe3e50_0, 0, 2;
    %pushi/vec4 1, 0, 1;
    %store/vec4 v0x61f96ebe3d10_0, 0, 1;
    %pushi/vec4 1, 0, 1;
    %store/vec4 v0x61f96ebe4040_0, 0, 1;
    %pushi/vec4 3, 3, 2;
    %store/vec4 v0x61f96ebe42a0_0, 0, 2;
    %pushi/vec4 0, 0, 1;
    %store/vec4 v0x61f96ebe3db0_0, 0, 1;
    %pushi/vec4 0, 0, 2;
    %store/vec4 v0x61f96ebe3c30_0, 0, 2;
    %pushi/vec4 0, 0, 1;
    %store/vec4 v0x61f96ebe3f30_0, 0, 1;
    %jmp T_1.7;
T_1.2 ;
    %pushi/vec4 1, 0, 1;
    %store/vec4 v0x61f96ebe41e0_0, 0, 1;
    %pushi/vec4 3, 3, 2;
    %store/vec4 v0x61f96ebe3e50_0, 0, 2;
    %pushi/vec4 0, 0, 1;
    %store/vec4 v0x61f96ebe3d10_0, 0, 1;
    %pushi/vec4 0, 0, 1;
    %store/vec4 v0x61f96ebe4040_0, 0, 1;
    %pushi/vec4 0, 0, 2;
    %store/vec4 v0x61f96ebe42a0_0, 0, 2;
    %pushi/vec4 0, 0, 1;
    %store/vec4 v0x61f96ebe3db0_0, 0, 1;
    %pushi/vec4 2, 0, 2;
    %store/vec4 v0x61f96ebe3c30_0, 0, 2;
    %pushi/vec4 0, 0, 1;
    %store/vec4 v0x61f96ebe3f30_0, 0, 1;
    %jmp T_1.7;
T_1.3 ;
    %pushi/vec4 0, 0, 1;
    %store/vec4 v0x61f96ebe41e0_0, 0, 1;
    %pushi/vec4 2, 0, 2;
    %store/vec4 v0x61f96ebe3e50_0, 0, 2;
    %pushi/vec4 0, 0, 1;
    %store/vec4 v0x61f96ebe3d10_0, 0, 1;
    %pushi/vec4 0, 0, 1;
    %store/vec4 v0x61f96ebe4040_0, 0, 1;
    %pushi/vec4 3, 3, 2;
    %store/vec4 v0x61f96ebe42a0_0, 0, 2;
    %pushi/vec4 1, 0, 1;
    %store/vec4 v0x61f96ebe3db0_0, 0, 1;
    %pushi/vec4 1, 0, 2;
    %store/vec4 v0x61f96ebe3c30_0, 0, 2;
    %pushi/vec4 0, 0, 1;
    %store/vec4 v0x61f96ebe3f30_0, 0, 1;
    %jmp T_1.7;
T_1.4 ;
    %pushi/vec4 1, 0, 1;
    %store/vec4 v0x61f96ebe41e0_0, 0, 1;
    %pushi/vec4 0, 0, 2;
    %store/vec4 v0x61f96ebe3e50_0, 0, 2;
    %pushi/vec4 1, 0, 1;
    %store/vec4 v0x61f96ebe3d10_0, 0, 1;
    %pushi/vec4 0, 0, 1;
    %store/vec4 v0x61f96ebe4040_0, 0, 1;
    %pushi/vec4 0, 0, 2;
    %store/vec4 v0x61f96ebe42a0_0, 0, 2;
    %pushi/vec4 0, 0, 1;
    %store/vec4 v0x61f96ebe3db0_0, 0, 1;
    %pushi/vec4 2, 0, 2;
    %store/vec4 v0x61f96ebe3c30_0, 0, 2;
    %pushi/vec4 0, 0, 1;
    %store/vec4 v0x61f96ebe3f30_0, 0, 1;
    %jmp T_1.7;
T_1.5 ;
    %pushi/vec4 1, 0, 1;
    %store/vec4 v0x61f96ebe41e0_0, 0, 1;
    %pushi/vec4 3, 0, 2;
    %store/vec4 v0x61f96ebe3e50_0, 0, 2;
    %pushi/vec4 1, 1, 1;
    %store/vec4 v0x61f96ebe3d10_0, 0, 1;
    %pushi/vec4 0, 0, 1;
    %store/vec4 v0x61f96ebe4040_0, 0, 1;
    %pushi/vec4 2, 0, 2;
    %store/vec4 v0x61f96ebe42a0_0, 0, 2;
    %pushi/vec4 0, 0, 1;
    %store/vec4 v0x61f96ebe3db0_0, 0, 1;
    %pushi/vec4 3, 3, 2;
    %store/vec4 v0x61f96ebe3c30_0, 0, 2;
    %pushi/vec4 1, 0, 1;
    %store/vec4 v0x61f96ebe3f30_0, 0, 1;
    %jmp T_1.7;
T_1.7 ;
    %pop/vec4 1;
    %jmp T_1;
    .thread T_1, $push;
    .scope S_0x61f96ebe3300;
T_2 ;
    %wait E_0x61f96eb6b4b0;
    %load/vec4 v0x61f96ebe35b0_0;
    %dup/vec4;
    %pushi/vec4 0, 0, 2;
    %cmp/u;
    %jmp/1 T_2.0, 6;
    %dup/vec4;
    %pushi/vec4 1, 0, 2;
    %cmp/u;
    %jmp/1 T_2.1, 6;
    %dup/vec4;
    %pushi/vec4 2, 0, 2;
    %cmp/u;
    %jmp/1 T_2.2, 6;
    %pushi/vec4 7, 7, 3;
    %store/vec4 v0x61f96ebc0480_0, 0, 3;
    %jmp T_2.4;
T_2.0 ;
    %pushi/vec4 0, 0, 3;
    %store/vec4 v0x61f96ebc0480_0, 0, 3;
    %jmp T_2.4;
T_2.1 ;
    %pushi/vec4 1, 0, 3;
    %store/vec4 v0x61f96ebc0480_0, 0, 3;
    %jmp T_2.4;
T_2.2 ;
    %load/vec4 v0x61f96ebe3690_0;
    %dup/vec4;
    %pushi/vec4 0, 0, 3;
    %cmp/u;
    %jmp/1 T_2.5, 6;
    %dup/vec4;
    %pushi/vec4 2, 0, 3;
    %cmp/u;
    %jmp/1 T_2.6, 6;
    %dup/vec4;
    %pushi/vec4 6, 0, 3;
    %cmp/u;
    %jmp/1 T_2.7, 6;
    %dup/vec4;
    %pushi/vec4 7, 0, 3;
    %cmp/u;
    %jmp/1 T_2.8, 6;
    %pushi/vec4 7, 7, 3;
    %store/vec4 v0x61f96ebc0480_0, 0, 3;
    %jmp T_2.10;
T_2.5 ;
    %load/vec4 v0x61f96ebe3810_0;
    %load/vec4 v0x61f96ebe3750_0;
    %concat/vec4; draw_concat_vec4
    %cmpi/e 3, 0, 2;
    %jmp/0xz  T_2.11, 4;
    %pushi/vec4 1, 0, 3;
    %store/vec4 v0x61f96ebc0480_0, 0, 3;
    %jmp T_2.12;
T_2.11 ;
    %pushi/vec4 0, 0, 3;
    %store/vec4 v0x61f96ebc0480_0, 0, 3;
T_2.12 ;
    %jmp T_2.10;
T_2.6 ;
    %pushi/vec4 5, 0, 3;
    %store/vec4 v0x61f96ebc0480_0, 0, 3;
    %jmp T_2.10;
T_2.7 ;
    %pushi/vec4 3, 0, 3;
    %store/vec4 v0x61f96ebc0480_0, 0, 3;
    %jmp T_2.10;
T_2.8 ;
    %pushi/vec4 2, 0, 3;
    %store/vec4 v0x61f96ebc0480_0, 0, 3;
    %jmp T_2.10;
T_2.10 ;
    %pop/vec4 1;
    %jmp T_2.4;
T_2.4 ;
    %pop/vec4 1;
    %jmp T_2;
    .thread T_2, $push;
    .scope S_0x61f96ebe6fb0;
T_3 ;
    %wait E_0x61f96eb6b930;
    %load/vec4 v0x61f96ebe86d0_0;
    %flag_set/vec4 9;
    %flag_get/vec4 9;
    %jmp/0 T_3.2, 9;
    %load/vec4 v0x61f96ebe8230_0;
    %pad/u 32;
    %pushi/vec4 0, 0, 32;
    %cmp/ne;
    %flag_get/vec4 4;
    %and;
T_3.2;
    %flag_set/vec4 8;
    %jmp/0xz  T_3.0, 8;
    %load/vec4 v0x61f96ebe85f0_0;
    %load/vec4 v0x61f96ebe8230_0;
    %pad/u 7;
    %ix/vec4 3;
    %ix/load 4, 0, 0; Constant delay
    %assign/vec4/a/d v0x61f96ebe8550, 0, 4;
T_3.0 ;
    %jmp T_3;
    .thread T_3;
    .scope S_0x61f96ebe69e0;
T_4 ;
    %wait E_0x61f96ebe6be0;
    %load/vec4 v0x61f96ebe6d60_0;
    %dup/vec4;
    %pushi/vec4 0, 0, 2;
    %cmp/u;
    %jmp/1 T_4.0, 6;
    %dup/vec4;
    %pushi/vec4 1, 0, 2;
    %cmp/u;
    %jmp/1 T_4.1, 6;
    %dup/vec4;
    %pushi/vec4 2, 0, 2;
    %cmp/u;
    %jmp/1 T_4.2, 6;
    %dup/vec4;
    %pushi/vec4 3, 0, 2;
    %cmp/u;
    %jmp/1 T_4.3, 6;
    %pushi/vec4 4294967295, 4294967295, 32;
    %store/vec4 v0x61f96ebe6c60_0, 0, 32;
    %jmp T_4.5;
T_4.0 ;
    %load/vec4 v0x61f96ebe6e70_0;
    %parti/s 1, 24, 6;
    %replicate 20;
    %load/vec4 v0x61f96ebe6e70_0;
    %parti/s 12, 13, 5;
    %concat/vec4; draw_concat_vec4
    %store/vec4 v0x61f96ebe6c60_0, 0, 32;
    %jmp T_4.5;
T_4.1 ;
    %load/vec4 v0x61f96ebe6e70_0;
    %parti/s 1, 24, 6;
    %replicate 20;
    %load/vec4 v0x61f96ebe6e70_0;
    %parti/s 7, 18, 6;
    %concat/vec4; draw_concat_vec4
    %load/vec4 v0x61f96ebe6e70_0;
    %parti/s 5, 0, 2;
    %concat/vec4; draw_concat_vec4
    %store/vec4 v0x61f96ebe6c60_0, 0, 32;
    %jmp T_4.5;
T_4.2 ;
    %load/vec4 v0x61f96ebe6e70_0;
    %parti/s 1, 24, 6;
    %replicate 20;
    %load/vec4 v0x61f96ebe6e70_0;
    %parti/s 1, 0, 2;
    %concat/vec4; draw_concat_vec4
    %load/vec4 v0x61f96ebe6e70_0;
    %parti/s 6, 18, 6;
    %concat/vec4; draw_concat_vec4
    %load/vec4 v0x61f96ebe6e70_0;
    %parti/s 4, 1, 2;
    %concat/vec4; draw_concat_vec4
    %concati/vec4 0, 0, 1;
    %store/vec4 v0x61f96ebe6c60_0, 0, 32;
    %jmp T_4.5;
T_4.3 ;
    %load/vec4 v0x61f96ebe6e70_0;
    %parti/s 1, 24, 6;
    %replicate 12;
    %load/vec4 v0x61f96ebe6e70_0;
    %parti/s 8, 5, 4;
    %concat/vec4; draw_concat_vec4
    %load/vec4 v0x61f96ebe6e70_0;
    %parti/s 1, 13, 5;
    %concat/vec4; draw_concat_vec4
    %load/vec4 v0x61f96ebe6e70_0;
    %parti/s 10, 14, 5;
    %concat/vec4; draw_concat_vec4
    %concati/vec4 0, 0, 1;
    %store/vec4 v0x61f96ebe6c60_0, 0, 32;
    %jmp T_4.5;
T_4.5 ;
    %pop/vec4 1;
    %jmp T_4;
    .thread T_4, $push;
    .scope S_0x61f96ebe60d0;
T_5 ;
    %wait E_0x61f96eb563b0;
    %load/vec4 v0x61f96ebe65a0_0;
    %dup/vec4;
    %pushi/vec4 0, 0, 3;
    %cmp/u;
    %jmp/1 T_5.0, 6;
    %dup/vec4;
    %pushi/vec4 1, 0, 3;
    %cmp/u;
    %jmp/1 T_5.1, 6;
    %dup/vec4;
    %pushi/vec4 2, 0, 3;
    %cmp/u;
    %jmp/1 T_5.2, 6;
    %dup/vec4;
    %pushi/vec4 3, 0, 3;
    %cmp/u;
    %jmp/1 T_5.3, 6;
    %dup/vec4;
    %pushi/vec4 5, 0, 3;
    %cmp/u;
    %jmp/1 T_5.4, 6;
    %pushi/vec4 4294967295, 4294967295, 32;
    %store/vec4 v0x61f96ebe67a0_0, 0, 32;
    %jmp T_5.6;
T_5.0 ;
    %load/vec4 v0x61f96ebe64c0_0;
    %load/vec4 v0x61f96ebe66c0_0;
    %add;
    %store/vec4 v0x61f96ebe67a0_0, 0, 32;
    %jmp T_5.6;
T_5.1 ;
    %load/vec4 v0x61f96ebe64c0_0;
    %load/vec4 v0x61f96ebe66c0_0;
    %sub;
    %store/vec4 v0x61f96ebe67a0_0, 0, 32;
    %jmp T_5.6;
T_5.2 ;
    %load/vec4 v0x61f96ebe64c0_0;
    %load/vec4 v0x61f96ebe66c0_0;
    %and;
    %store/vec4 v0x61f96ebe67a0_0, 0, 32;
    %jmp T_5.6;
T_5.3 ;
    %load/vec4 v0x61f96ebe64c0_0;
    %load/vec4 v0x61f96ebe66c0_0;
    %or;
    %store/vec4 v0x61f96ebe67a0_0, 0, 32;
    %jmp T_5.6;
T_5.4 ;
    %load/vec4 v0x61f96ebe64c0_0;
    %load/vec4 v0x61f96ebe66c0_0;
    %cmp/s;
    %flag_mov 8, 5;
    %jmp/0 T_5.7, 8;
    %pushi/vec4 1, 0, 32;
    %jmp/1 T_5.8, 8;
T_5.7 ; End of true expr.
    %pushi/vec4 0, 0, 32;
    %jmp/0 T_5.8, 8;
 ; End of false expr.
    %blend;
T_5.8;
    %store/vec4 v0x61f96ebe67a0_0, 0, 32;
    %jmp T_5.6;
T_5.6 ;
    %pop/vec4 1;
    %jmp T_5;
    .thread T_5, $push;
    .scope S_0x61f96ebe5d00;
T_6 ;
    %wait E_0x61f96eb6bbe0;
    %load/vec4 v0x61f96ebe9d30_0;
    %flag_set/vec4 8;
    %jmp/0xz  T_6.0, 8;
    %pushi/vec4 0, 0, 32;
    %assign/vec4 v0x61f96ebe97d0_0, 0;
    %jmp T_6.1;
T_6.0 ;
    %load/vec4 v0x61f96ebe98b0_0;
    %assign/vec4 v0x61f96ebe97d0_0, 0;
T_6.1 ;
    %jmp T_6;
    .thread T_6;
    .scope S_0x61f96ebea4c0;
T_7 ;
    %vpi_call 10 8 "$readmemh", "memfile.hex", v0x61f96ebea710 {0 0 0};
    %end;
    .thread T_7;
    .scope S_0x61f96ebe5260;
T_8 ;
    %wait E_0x61f96eb6b930;
    %load/vec4 v0x61f96ebe5b70_0;
    %flag_set/vec4 8;
    %jmp/0xz  T_8.0, 8;
    %load/vec4 v0x61f96ebe5a90_0;
    %load/vec4 v0x61f96ebe57c0_0;
    %parti/s 30, 2, 3;
    %ix/vec4 3;
    %ix/load 4, 0, 0; Constant delay
    %assign/vec4/a/d v0x61f96ebe5510, 0, 4;
T_8.0 ;
    %jmp T_8;
    .thread T_8;
    .scope S_0x61f96ebabf90;
T_9 ;
    %pushi/vec4 1, 0, 1;
    %assign/vec4 v0x61f96ebeb990_0, 0;
    %delay 5000, 0;
    %pushi/vec4 0, 0, 1;
    %assign/vec4 v0x61f96ebeb990_0, 0;
    %delay 5000, 0;
    %jmp T_9;
    .thread T_9;
    .scope S_0x61f96ebabf90;
T_10 ;
    %wait E_0x61f96eb329d0;
    %load/vec4 v0x61f96ebebcf0_0;
    %flag_set/vec4 8;
    %jmp/0xz  T_10.0, 8;
    %vpi_call 2 80 "$display", "  [WRITE] cycle=%0t : MEM[0x%08h] <= 0x%08h", $time, v0x61f96ebebae0_0, v0x61f96ebec080_0 {0 0 0};
T_10.0 ;
    %jmp T_10;
    .thread T_10;
    .scope S_0x61f96ebabf90;
T_11 ;
    %vpi_call 2 89 "$dumpfile", "tb_q1.vcd" {0 0 0};
    %vpi_call 2 90 "$dumpvars", 32'sb00000000000000000000000000000000, S_0x61f96ebabf90 {0 0 0};
    %pushi/vec4 0, 0, 32;
    %store/vec4 v0x61f96ebebe20_0, 0, 32;
    %pushi/vec4 0, 0, 32;
    %store/vec4 v0x61f96ebebc30_0, 0, 32;
    %pushi/vec4 0, 0, 32;
    %store/vec4 v0x61f96ebebfa0_0, 0, 32;
    %pushi/vec4 1, 0, 1;
    %assign/vec4 v0x61f96ebebf00_0, 0;
    %delay 22000, 0;
    %pushi/vec4 0, 0, 1;
    %assign/vec4 v0x61f96ebebf00_0, 0;
    %delay 500000, 0;
    %vpi_call 2 109 "$display", "\000" {0 0 0};
    %vpi_call 2 110 "$display", "==========================================================" {0 0 0};
    %vpi_call 2 111 "$display", "  RISC-V Single-Cycle Processor \342\200\223 Testbench Results (Q1)" {0 0 0};
    %vpi_call 2 112 "$display", "==========================================================" {0 0 0};
    %vpi_call 2 113 "$display", "\000" {0 0 0};
    %pushi/vec4 100, 0, 32;
    %store/vec4 v0x61f96eb90630_0, 0, 32;
    %pushi/vec4 10, 0, 32;
    %store/vec4 v0x61f96ebb23c0_0, 0, 32;
    %pushi/vec4 0, 0, 32; draw_string_vec4
    %pushi/vec4 0, 0, 32; draw_string_vec4
    %concat/vec4; draw_string_vec4
    %pushi/vec4 0, 0, 32; draw_string_vec4
    %concat/vec4; draw_string_vec4
    %pushi/vec4 0, 0, 32; draw_string_vec4
    %concat/vec4; draw_string_vec4
    %pushi/vec4 1633969257, 0, 32; draw_string_vec4
    %concat/vec4; draw_string_vec4
    %pushi/vec4 538976288, 0, 32; draw_string_vec4
    %concat/vec4; draw_string_vec4
    %pushi/vec4 538976288, 0, 32; draw_string_vec4
    %concat/vec4; draw_string_vec4
    %pushi/vec4 538976288, 0, 32; draw_string_vec4
    %concat/vec4; draw_string_vec4
    %store/vec4 v0x61f96ebbf2f0_0, 0, 256;
    %fork TD_tb_q1.check_dmem, S_0x61f96ebac2c0;
    %join;
    %pushi/vec4 104, 0, 32;
    %store/vec4 v0x61f96eb90630_0, 0, 32;
    %pushi/vec4 15, 0, 32;
    %store/vec4 v0x61f96ebb23c0_0, 0, 32;
    %pushi/vec4 0, 0, 32; draw_string_vec4
    %pushi/vec4 0, 0, 32; draw_string_vec4
    %concat/vec4; draw_string_vec4
    %pushi/vec4 0, 0, 32; draw_string_vec4
    %concat/vec4; draw_string_vec4
    %pushi/vec4 0, 0, 32; draw_string_vec4
    %concat/vec4; draw_string_vec4
    %pushi/vec4 1633969257, 0, 32; draw_string_vec4
    %concat/vec4; draw_string_vec4
    %pushi/vec4 538976288, 0, 32; draw_string_vec4
    %concat/vec4; draw_string_vec4
    %pushi/vec4 538976288, 0, 32; draw_string_vec4
    %concat/vec4; draw_string_vec4
    %pushi/vec4 538976288, 0, 32; draw_string_vec4
    %concat/vec4; draw_string_vec4
    %store/vec4 v0x61f96ebbf2f0_0, 0, 256;
    %fork TD_tb_q1.check_dmem, S_0x61f96ebac2c0;
    %join;
    %pushi/vec4 108, 0, 32;
    %store/vec4 v0x61f96eb90630_0, 0, 32;
    %pushi/vec4 25, 0, 32;
    %store/vec4 v0x61f96ebb23c0_0, 0, 32;
    %pushi/vec4 0, 0, 32; draw_string_vec4
    %pushi/vec4 0, 0, 32; draw_string_vec4
    %concat/vec4; draw_string_vec4
    %pushi/vec4 0, 0, 32; draw_string_vec4
    %concat/vec4; draw_string_vec4
    %pushi/vec4 0, 0, 32; draw_string_vec4
    %concat/vec4; draw_string_vec4
    %pushi/vec4 1633969184, 0, 32; draw_string_vec4
    %concat/vec4; draw_string_vec4
    %pushi/vec4 538976288, 0, 32; draw_string_vec4
    %concat/vec4; draw_string_vec4
    %pushi/vec4 538976288, 0, 32; draw_string_vec4
    %concat/vec4; draw_string_vec4
    %pushi/vec4 538976288, 0, 32; draw_string_vec4
    %concat/vec4; draw_string_vec4
    %store/vec4 v0x61f96ebbf2f0_0, 0, 256;
    %fork TD_tb_q1.check_dmem, S_0x61f96ebac2c0;
    %join;
    %pushi/vec4 112, 0, 32;
    %store/vec4 v0x61f96eb90630_0, 0, 32;
    %pushi/vec4 5, 0, 32;
    %store/vec4 v0x61f96ebb23c0_0, 0, 32;
    %pushi/vec4 0, 0, 32; draw_string_vec4
    %pushi/vec4 0, 0, 32; draw_string_vec4
    %concat/vec4; draw_string_vec4
    %pushi/vec4 0, 0, 32; draw_string_vec4
    %concat/vec4; draw_string_vec4
    %pushi/vec4 0, 0, 32; draw_string_vec4
    %concat/vec4; draw_string_vec4
    %pushi/vec4 1937072672, 0, 32; draw_string_vec4
    %concat/vec4; draw_string_vec4
    %pushi/vec4 538976288, 0, 32; draw_string_vec4
    %concat/vec4; draw_string_vec4
    %pushi/vec4 538976288, 0, 32; draw_string_vec4
    %concat/vec4; draw_string_vec4
    %pushi/vec4 538976288, 0, 32; draw_string_vec4
    %concat/vec4; draw_string_vec4
    %store/vec4 v0x61f96ebbf2f0_0, 0, 256;
    %fork TD_tb_q1.check_dmem, S_0x61f96ebac2c0;
    %join;
    %pushi/vec4 116, 0, 32;
    %store/vec4 v0x61f96eb90630_0, 0, 32;
    %pushi/vec4 10, 0, 32;
    %store/vec4 v0x61f96ebb23c0_0, 0, 32;
    %pushi/vec4 0, 0, 32; draw_string_vec4
    %pushi/vec4 0, 0, 32; draw_string_vec4
    %concat/vec4; draw_string_vec4
    %pushi/vec4 0, 0, 32; draw_string_vec4
    %concat/vec4; draw_string_vec4
    %pushi/vec4 0, 0, 32; draw_string_vec4
    %concat/vec4; draw_string_vec4
    %pushi/vec4 1634624544, 0, 32; draw_string_vec4
    %concat/vec4; draw_string_vec4
    %pushi/vec4 538976288, 0, 32; draw_string_vec4
    %concat/vec4; draw_string_vec4
    %pushi/vec4 538976288, 0, 32; draw_string_vec4
    %concat/vec4; draw_string_vec4
    %pushi/vec4 538976288, 0, 32; draw_string_vec4
    %concat/vec4; draw_string_vec4
    %store/vec4 v0x61f96ebbf2f0_0, 0, 256;
    %fork TD_tb_q1.check_dmem, S_0x61f96ebac2c0;
    %join;
    %pushi/vec4 120, 0, 32;
    %store/vec4 v0x61f96eb90630_0, 0, 32;
    %pushi/vec4 15, 0, 32;
    %store/vec4 v0x61f96ebb23c0_0, 0, 32;
    %pushi/vec4 0, 0, 32; draw_string_vec4
    %pushi/vec4 0, 0, 32; draw_string_vec4
    %concat/vec4; draw_string_vec4
    %pushi/vec4 0, 0, 32; draw_string_vec4
    %concat/vec4; draw_string_vec4
    %pushi/vec4 0, 0, 32; draw_string_vec4
    %concat/vec4; draw_string_vec4
    %pushi/vec4 1869750304, 0, 32; draw_string_vec4
    %concat/vec4; draw_string_vec4
    %pushi/vec4 538976288, 0, 32; draw_string_vec4
    %concat/vec4; draw_string_vec4
    %pushi/vec4 538976288, 0, 32; draw_string_vec4
    %concat/vec4; draw_string_vec4
    %pushi/vec4 538976288, 0, 32; draw_string_vec4
    %concat/vec4; draw_string_vec4
    %store/vec4 v0x61f96ebbf2f0_0, 0, 256;
    %fork TD_tb_q1.check_dmem, S_0x61f96ebac2c0;
    %join;
    %pushi/vec4 124, 0, 32;
    %store/vec4 v0x61f96eb90630_0, 0, 32;
    %pushi/vec4 1, 0, 32;
    %store/vec4 v0x61f96ebb23c0_0, 0, 32;
    %pushi/vec4 0, 0, 32; draw_string_vec4
    %pushi/vec4 0, 0, 32; draw_string_vec4
    %concat/vec4; draw_string_vec4
    %pushi/vec4 0, 0, 32; draw_string_vec4
    %concat/vec4; draw_string_vec4
    %pushi/vec4 0, 0, 32; draw_string_vec4
    %concat/vec4; draw_string_vec4
    %pushi/vec4 1936487456, 0, 32; draw_string_vec4
    %concat/vec4; draw_string_vec4
    %pushi/vec4 538976288, 0, 32; draw_string_vec4
    %concat/vec4; draw_string_vec4
    %pushi/vec4 538976288, 0, 32; draw_string_vec4
    %concat/vec4; draw_string_vec4
    %pushi/vec4 538976288, 0, 32; draw_string_vec4
    %concat/vec4; draw_string_vec4
    %store/vec4 v0x61f96ebbf2f0_0, 0, 256;
    %fork TD_tb_q1.check_dmem, S_0x61f96ebac2c0;
    %join;
    %pushi/vec4 128, 0, 32;
    %store/vec4 v0x61f96eb90630_0, 0, 32;
    %pushi/vec4 2, 0, 32;
    %store/vec4 v0x61f96ebb23c0_0, 0, 32;
    %pushi/vec4 0, 0, 32; draw_string_vec4
    %pushi/vec4 0, 0, 32; draw_string_vec4
    %concat/vec4; draw_string_vec4
    %pushi/vec4 0, 0, 32; draw_string_vec4
    %concat/vec4; draw_string_vec4
    %pushi/vec4 0, 0, 32; draw_string_vec4
    %concat/vec4; draw_string_vec4
    %pushi/vec4 1634624617, 0, 32; draw_string_vec4
    %concat/vec4; draw_string_vec4
    %pushi/vec4 538976288, 0, 32; draw_string_vec4
    %concat/vec4; draw_string_vec4
    %pushi/vec4 538976288, 0, 32; draw_string_vec4
    %concat/vec4; draw_string_vec4
    %pushi/vec4 538976288, 0, 32; draw_string_vec4
    %concat/vec4; draw_string_vec4
    %store/vec4 v0x61f96ebbf2f0_0, 0, 256;
    %fork TD_tb_q1.check_dmem, S_0x61f96ebac2c0;
    %join;
    %pushi/vec4 132, 0, 32;
    %store/vec4 v0x61f96eb90630_0, 0, 32;
    %pushi/vec4 15, 0, 32;
    %store/vec4 v0x61f96ebb23c0_0, 0, 32;
    %pushi/vec4 0, 0, 32; draw_string_vec4
    %pushi/vec4 0, 0, 32; draw_string_vec4
    %concat/vec4; draw_string_vec4
    %pushi/vec4 0, 0, 32; draw_string_vec4
    %concat/vec4; draw_string_vec4
    %pushi/vec4 0, 0, 32; draw_string_vec4
    %concat/vec4; draw_string_vec4
    %pushi/vec4 1869768992, 0, 32; draw_string_vec4
    %concat/vec4; draw_string_vec4
    %pushi/vec4 538976288, 0, 32; draw_string_vec4
    %concat/vec4; draw_string_vec4
    %pushi/vec4 538976288, 0, 32; draw_string_vec4
    %concat/vec4; draw_string_vec4
    %pushi/vec4 538976288, 0, 32; draw_string_vec4
    %concat/vec4; draw_string_vec4
    %store/vec4 v0x61f96ebbf2f0_0, 0, 256;
    %fork TD_tb_q1.check_dmem, S_0x61f96ebac2c0;
    %join;
    %pushi/vec4 136, 0, 32;
    %store/vec4 v0x61f96eb90630_0, 0, 32;
    %pushi/vec4 1, 0, 32;
    %store/vec4 v0x61f96ebb23c0_0, 0, 32;
    %pushi/vec4 0, 0, 32; draw_string_vec4
    %pushi/vec4 0, 0, 32; draw_string_vec4
    %concat/vec4; draw_string_vec4
    %pushi/vec4 0, 0, 32; draw_string_vec4
    %concat/vec4; draw_string_vec4
    %pushi/vec4 0, 0, 32; draw_string_vec4
    %concat/vec4; draw_string_vec4
    %pushi/vec4 1936487529, 0, 32; draw_string_vec4
    %concat/vec4; draw_string_vec4
    %pushi/vec4 538976288, 0, 32; draw_string_vec4
    %concat/vec4; draw_string_vec4
    %pushi/vec4 538976288, 0, 32; draw_string_vec4
    %concat/vec4; draw_string_vec4
    %pushi/vec4 538976288, 0, 32; draw_string_vec4
    %concat/vec4; draw_string_vec4
    %store/vec4 v0x61f96ebbf2f0_0, 0, 256;
    %fork TD_tb_q1.check_dmem, S_0x61f96ebac2c0;
    %join;
    %pushi/vec4 140, 0, 32;
    %store/vec4 v0x61f96eb90630_0, 0, 32;
    %pushi/vec4 25, 0, 32;
    %store/vec4 v0x61f96ebb23c0_0, 0, 32;
    %pushi/vec4 0, 0, 32; draw_string_vec4
    %pushi/vec4 0, 0, 32; draw_string_vec4
    %concat/vec4; draw_string_vec4
    %pushi/vec4 0, 0, 32; draw_string_vec4
    %concat/vec4; draw_string_vec4
    %pushi/vec4 0, 0, 32; draw_string_vec4
    %concat/vec4; draw_string_vec4
    %pushi/vec4 1937186854, 0, 32; draw_string_vec4
    %concat/vec4; draw_string_vec4
    %pushi/vec4 543979296, 0, 32; draw_string_vec4
    %concat/vec4; draw_string_vec4
    %pushi/vec4 538976288, 0, 32; draw_string_vec4
    %concat/vec4; draw_string_vec4
    %pushi/vec4 538976288, 0, 32; draw_string_vec4
    %concat/vec4; draw_string_vec4
    %store/vec4 v0x61f96ebbf2f0_0, 0, 256;
    %fork TD_tb_q1.check_dmem, S_0x61f96ebac2c0;
    %join;
    %pushi/vec4 144, 0, 32;
    %store/vec4 v0x61f96eb90630_0, 0, 32;
    %pushi/vec4 42, 0, 32;
    %store/vec4 v0x61f96ebb23c0_0, 0, 32;
    %pushi/vec4 0, 0, 32; draw_string_vec4
    %pushi/vec4 0, 0, 32; draw_string_vec4
    %concat/vec4; draw_string_vec4
    %pushi/vec4 0, 0, 32; draw_string_vec4
    %concat/vec4; draw_string_vec4
    %pushi/vec4 0, 0, 32; draw_string_vec4
    %concat/vec4; draw_string_vec4
    %pushi/vec4 1650815264, 0, 32; draw_string_vec4
    %concat/vec4; draw_string_vec4
    %pushi/vec4 678326132, 0, 32; draw_string_vec4
    %concat/vec4; draw_string_vec4
    %pushi/vec4 544498027, 0, 32; draw_string_vec4
    %concat/vec4; draw_string_vec4
    %pushi/vec4 1701718304, 0, 32; draw_string_vec4
    %concat/vec4; draw_string_vec4
    %store/vec4 v0x61f96ebbf2f0_0, 0, 256;
    %fork TD_tb_q1.check_dmem, S_0x61f96ebac2c0;
    %join;
    %pushi/vec4 148, 0, 32;
    %store/vec4 v0x61f96eb90630_0, 0, 32;
    %pushi/vec4 77, 0, 32;
    %store/vec4 v0x61f96ebb23c0_0, 0, 32;
    %pushi/vec4 0, 0, 32; draw_string_vec4
    %pushi/vec4 0, 0, 32; draw_string_vec4
    %concat/vec4; draw_string_vec4
    %pushi/vec4 0, 0, 32; draw_string_vec4
    %concat/vec4; draw_string_vec4
    %pushi/vec4 0, 0, 32; draw_string_vec4
    %concat/vec4; draw_string_vec4
    %pushi/vec4 1784769568, 0, 32; draw_string_vec4
    %concat/vec4; draw_string_vec4
    %pushi/vec4 538976288, 0, 32; draw_string_vec4
    %concat/vec4; draw_string_vec4
    %pushi/vec4 538976288, 0, 32; draw_string_vec4
    %concat/vec4; draw_string_vec4
    %pushi/vec4 538976288, 0, 32; draw_string_vec4
    %concat/vec4; draw_string_vec4
    %store/vec4 v0x61f96ebbf2f0_0, 0, 256;
    %fork TD_tb_q1.check_dmem, S_0x61f96ebac2c0;
    %join;
    %vpi_call 2 163 "$display", "\000" {0 0 0};
    %vpi_call 2 164 "$display", "----------------------------------------------------------" {0 0 0};
    %load/vec4 v0x61f96ebebe20_0;
    %load/vec4 v0x61f96ebebc30_0;
    %add;
    %vpi_call 2 165 "$display", "  Total: %0d tests | Passed: %0d | Failed: %0d", S<0,vec4,s32>, v0x61f96ebebe20_0, v0x61f96ebebc30_0 {1 0 0};
    %vpi_call 2 167 "$display", "----------------------------------------------------------" {0 0 0};
    %load/vec4 v0x61f96ebebc30_0;
    %cmpi/e 0, 0, 32;
    %jmp/0xz  T_11.0, 4;
    %vpi_call 2 170 "$display", "  >>> ALL TESTS PASSED \342\200\223 Simulation succeeded <<<" {0 0 0};
    %jmp T_11.1;
T_11.0 ;
    %vpi_call 2 172 "$display", "  >>> SOME TESTS FAILED \342\200\223 Simulation FAILED <<<" {0 0 0};
T_11.1 ;
    %vpi_call 2 174 "$display", "==========================================================" {0 0 0};
    %vpi_call 2 175 "$display", "\000" {0 0 0};
    %vpi_call 2 177 "$finish" {0 0 0};
    %end;
    .thread T_11;
# The file index is used to find the file name in the following table.
:file_names 11;
    "N/A";
    "<interactive>";
    "tb_q1.v";
    "riscv_core.v";
    "controller.v";
    "dmem.v";
    "datapath.v";
    "alu.v";
    "extend.v";
    "regfile.v";
    "imem.v";
