#! /home/linuxbrew/.linuxbrew/Cellar/icarus-verilog/13.0/bin/vvp
:ivl_version "13.0 (stable)" "(v13_0)";
:ivl_delay_selection "TYPICAL";
:vpi_time_precision - 12;
:vpi_module "/home/linuxbrew/.linuxbrew/Cellar/icarus-verilog/13.0/lib/ivl/system.vpi";
:vpi_module "/home/linuxbrew/.linuxbrew/Cellar/icarus-verilog/13.0/lib/ivl/vhdl_sys.vpi";
:vpi_module "/home/linuxbrew/.linuxbrew/Cellar/icarus-verilog/13.0/lib/ivl/vhdl_textio.vpi";
:vpi_module "/home/linuxbrew/.linuxbrew/Cellar/icarus-verilog/13.0/lib/ivl/v2005_math.vpi";
:vpi_module "/home/linuxbrew/.linuxbrew/Cellar/icarus-verilog/13.0/lib/ivl/va_math.vpi";
S_0x5b57b6e00590 .scope module, "tb_q3" "tb_q3" 2 3;
 .timescale -9 -12;
v0x5b57b6e3a900_0 .var "clk", 0 0;
v0x5b57b6e3a9c0_0 .net "dataadr", 31 0, v0x5b57b6e34ad0_0;  1 drivers
v0x5b57b6e3aa80_0 .net "memwrite", 0 0, v0x5b57b6e32050_0;  1 drivers
v0x5b57b6e3abb0_0 .var "reset", 0 0;
v0x5b57b6e3ac50_0 .net "writedata", 31 0, L_0x5b57b6e4c7a0;  1 drivers
E_0x5b57b6d8ac60 .event negedge, v0x5b57b6e33bb0_0;
S_0x5b57b6e008c0 .scope module, "dut" "riscv_core" 2 9, 3 1 0, S_0x5b57b6e00590;
 .timescale 0 0;
    .port_info 0 /INPUT 1 "clk";
    .port_info 1 /INPUT 1 "reset";
    .port_info 2 /OUTPUT 32 "writedata";
    .port_info 3 /OUTPUT 32 "dataadr";
    .port_info 4 /OUTPUT 1 "memwrite";
v0x5b57b6e39bb0_0 .net "alucontrol", 2 0, v0x5b57b6deb580_0;  1 drivers
v0x5b57b6e39c70_0 .net "alusrc", 0 0, v0x5b57b6e31d20_0;  1 drivers
v0x5b57b6e39d30_0 .net "clk", 0 0, v0x5b57b6e3a900_0;  1 drivers
v0x5b57b6e39e00_0 .net "dataadr", 31 0, v0x5b57b6e34ad0_0;  alias, 1 drivers
v0x5b57b6e39ea0_0 .net "immsrc", 1 0, v0x5b57b6e31e60_0;  1 drivers
v0x5b57b6e39f40_0 .net "instr", 31 0, L_0x5b57b6e4d260;  1 drivers
v0x5b57b6e3a000_0 .net "jump", 0 0, v0x5b57b6e31f40_0;  1 drivers
v0x5b57b6e3a0f0_0 .net "load_type", 0 0, L_0x5b57b6e3b2c0;  1 drivers
v0x5b57b6e3a1e0_0 .net "memwrite", 0 0, v0x5b57b6e32050_0;  alias, 1 drivers
v0x5b57b6e3a280_0 .net "pc", 31 0, v0x5b57b6e385c0_0;  1 drivers
v0x5b57b6e3a340_0 .net "pcsrc", 0 0, L_0x5b57b6e3aff0;  1 drivers
v0x5b57b6e3a430_0 .net "readdata", 31 0, L_0x5b57b6e4b8c0;  1 drivers
v0x5b57b6e3a540_0 .net "regwrite", 0 0, v0x5b57b6e321f0_0;  1 drivers
v0x5b57b6e3a5e0_0 .net "reset", 0 0, v0x5b57b6e3abb0_0;  1 drivers
v0x5b57b6e3a680_0 .net "resultsrc", 1 0, L_0x5b57b6e3b6d0;  1 drivers
v0x5b57b6e3a720_0 .net "writedata", 31 0, L_0x5b57b6e4c7a0;  alias, 1 drivers
v0x5b57b6e3a7c0_0 .net "zero", 0 0, L_0x5b57b6e4ce50;  1 drivers
L_0x5b57b6e3b3d0 .part L_0x5b57b6e4d260, 0, 7;
L_0x5b57b6e3b500 .part L_0x5b57b6e4d260, 12, 3;
L_0x5b57b6e3b630 .part L_0x5b57b6e4d260, 30, 1;
L_0x5b57b6e3b6d0 .concat8 [ 1 1 0 0], L_0x5b57b6e3ae20, L_0x5b57b6e3ad80;
S_0x5b57b6e129a0 .scope module, "c" "controller" 3 13, 4 1 0, S_0x5b57b6e008c0;
 .timescale 0 0;
    .port_info 0 /INPUT 7 "op";
    .port_info 1 /INPUT 3 "funct3";
    .port_info 2 /INPUT 1 "funct7_5";
    .port_info 3 /INPUT 1 "zero";
    .port_info 4 /OUTPUT 1 "resultsrc_0";
    .port_info 5 /OUTPUT 1 "resultsrc_1";
    .port_info 6 /OUTPUT 1 "memwrite";
    .port_info 7 /OUTPUT 1 "pcsrc";
    .port_info 8 /OUTPUT 1 "alusrc";
    .port_info 9 /OUTPUT 1 "regwrite";
    .port_info 10 /OUTPUT 1 "jump";
    .port_info 11 /OUTPUT 2 "immsrc";
    .port_info 12 /OUTPUT 3 "alucontrol";
    .port_info 13 /OUTPUT 1 "load_type";
L_0x5b57b6e15ca0 .functor AND 1, v0x5b57b6e31dc0_0, L_0x5b57b6e4ce50, C4<1>, C4<1>;
L_0x5b57b6e3aff0 .functor OR 1, v0x5b57b6e31f40_0, L_0x5b57b6e15ca0, C4<0>, C4<0>;
L_0x5b57b6e3b2c0 .functor AND 1, L_0x5b57b6e3b060, L_0x5b57b6e3b180, C4<1>, C4<1>;
v0x5b57b6e324b0_0 .net *"_ivl_11", 0 0, L_0x5b57b6e3b060;  1 drivers
L_0x75693b680060 .functor BUFT 1, C4<001>, C4<0>, C4<0>, C4<0>;
v0x5b57b6e32590_0 .net/2u *"_ivl_13", 2 0, L_0x75693b680060;  1 drivers
v0x5b57b6e32670_0 .net *"_ivl_15", 0 0, L_0x5b57b6e3b180;  1 drivers
v0x5b57b6e32710_0 .net *"_ivl_5", 0 0, L_0x5b57b6e15ca0;  1 drivers
L_0x75693b680018 .functor BUFT 1, C4<0000011>, C4<0>, C4<0>, C4<0>;
v0x5b57b6e327f0_0 .net/2u *"_ivl_9", 6 0, L_0x75693b680018;  1 drivers
v0x5b57b6e328d0_0 .net "alucontrol", 2 0, v0x5b57b6deb580_0;  alias, 1 drivers
v0x5b57b6e32990_0 .net "aluop", 1 0, v0x5b57b6e31c40_0;  1 drivers
v0x5b57b6e32a80_0 .net "alusrc", 0 0, v0x5b57b6e31d20_0;  alias, 1 drivers
v0x5b57b6e32b20_0 .net "branch", 0 0, v0x5b57b6e31dc0_0;  1 drivers
v0x5b57b6e32bc0_0 .net "funct3", 2 0, L_0x5b57b6e3b500;  1 drivers
v0x5b57b6e32c60_0 .net "funct7_5", 0 0, L_0x5b57b6e3b630;  1 drivers
v0x5b57b6e32d00_0 .net "immsrc", 1 0, v0x5b57b6e31e60_0;  alias, 1 drivers
v0x5b57b6e32da0_0 .net "jump", 0 0, v0x5b57b6e31f40_0;  alias, 1 drivers
v0x5b57b6e32e40_0 .net "load_type", 0 0, L_0x5b57b6e3b2c0;  alias, 1 drivers
v0x5b57b6e32ee0_0 .net "memwrite", 0 0, v0x5b57b6e32050_0;  alias, 1 drivers
v0x5b57b6e32fb0_0 .net "op", 6 0, L_0x5b57b6e3b3d0;  1 drivers
v0x5b57b6e33080_0 .net "pcsrc", 0 0, L_0x5b57b6e3aff0;  alias, 1 drivers
v0x5b57b6e33120_0 .net "regwrite", 0 0, v0x5b57b6e321f0_0;  alias, 1 drivers
v0x5b57b6e331f0_0 .net "resultsrc_0", 0 0, L_0x5b57b6e3ae20;  1 drivers
v0x5b57b6e33290_0 .net "resultsrc_1", 0 0, L_0x5b57b6e3ad80;  1 drivers
v0x5b57b6e33330_0 .net "zero", 0 0, L_0x5b57b6e4ce50;  alias, 1 drivers
L_0x5b57b6e3ad80 .part v0x5b57b6e322b0_0, 1, 1;
L_0x5b57b6e3ae20 .part v0x5b57b6e322b0_0, 0, 1;
L_0x5b57b6e3aec0 .part L_0x5b57b6e3b3d0, 5, 1;
L_0x5b57b6e3b060 .cmp/eq 7, L_0x5b57b6e3b3d0, L_0x75693b680018;
L_0x5b57b6e3b180 .cmp/eq 3, L_0x5b57b6e3b500, L_0x75693b680060;
S_0x5b57b6dd5960 .scope module, "ad" "aludec" 4 29, 4 86 0, S_0x5b57b6e129a0;
 .timescale 0 0;
    .port_info 0 /INPUT 1 "opb5";
    .port_info 1 /INPUT 3 "funct3";
    .port_info 2 /INPUT 1 "funct7_5";
    .port_info 3 /INPUT 2 "aluop";
    .port_info 4 /OUTPUT 3 "alucontrol";
v0x5b57b6deb580_0 .var "alucontrol", 2 0;
v0x5b57b6e06b40_0 .net "aluop", 1 0, v0x5b57b6e31c40_0;  alias, 1 drivers
v0x5b57b6e316a0_0 .net "funct3", 2 0, L_0x5b57b6e3b500;  alias, 1 drivers
v0x5b57b6e31760_0 .net "funct7_5", 0 0, L_0x5b57b6e3b630;  alias, 1 drivers
v0x5b57b6e31820_0 .net "opb5", 0 0, L_0x5b57b6e3aec0;  1 drivers
E_0x5b57b6dc3930 .event anyedge, v0x5b57b6e06b40_0, v0x5b57b6e316a0_0, v0x5b57b6e31820_0, v0x5b57b6e31760_0;
S_0x5b57b6e319d0 .scope module, "md" "maindec" 4 17, 4 41 0, S_0x5b57b6e129a0;
 .timescale 0 0;
    .port_info 0 /INPUT 7 "op";
    .port_info 1 /OUTPUT 2 "resultsrc";
    .port_info 2 /OUTPUT 1 "memwrite";
    .port_info 3 /OUTPUT 1 "branch";
    .port_info 4 /OUTPUT 1 "alusrc";
    .port_info 5 /OUTPUT 1 "regwrite";
    .port_info 6 /OUTPUT 1 "jump";
    .port_info 7 /OUTPUT 2 "immsrc";
    .port_info 8 /OUTPUT 2 "aluop";
v0x5b57b6e31c40_0 .var "aluop", 1 0;
v0x5b57b6e31d20_0 .var "alusrc", 0 0;
v0x5b57b6e31dc0_0 .var "branch", 0 0;
v0x5b57b6e31e60_0 .var "immsrc", 1 0;
v0x5b57b6e31f40_0 .var "jump", 0 0;
v0x5b57b6e32050_0 .var "memwrite", 0 0;
v0x5b57b6e32110_0 .net "op", 6 0, L_0x5b57b6e3b3d0;  alias, 1 drivers
v0x5b57b6e321f0_0 .var "regwrite", 0 0;
v0x5b57b6e322b0_0 .var "resultsrc", 1 0;
E_0x5b57b6dc3be0 .event anyedge, v0x5b57b6e32110_0;
S_0x5b57b6e33570 .scope module, "dmem_inst" "dmem" 3 53, 5 1 0, S_0x5b57b6e008c0;
 .timescale 0 0;
    .port_info 0 /INPUT 1 "clk";
    .port_info 1 /INPUT 1 "we";
    .port_info 2 /INPUT 32 "a";
    .port_info 3 /INPUT 32 "wd";
    .port_info 4 /OUTPUT 32 "rd";
L_0x5b57b6e4b8c0 .functor BUFZ 32, L_0x5b57b6e4e600, C4<00000000000000000000000000000000>, C4<00000000000000000000000000000000>, C4<00000000000000000000000000000000>;
v0x5b57b6e33820 .array "RAM", 63 0, 31 0;
v0x5b57b6e33900_0 .net *"_ivl_0", 31 0, L_0x5b57b6e4e600;  1 drivers
v0x5b57b6e339e0_0 .net *"_ivl_3", 29 0, L_0x5b57b6e4e6a0;  1 drivers
v0x5b57b6e33ad0_0 .net "a", 31 0, v0x5b57b6e34ad0_0;  alias, 1 drivers
v0x5b57b6e33bb0_0 .net "clk", 0 0, v0x5b57b6e3a900_0;  alias, 1 drivers
v0x5b57b6e33cc0_0 .net "rd", 31 0, L_0x5b57b6e4b8c0;  alias, 1 drivers
v0x5b57b6e33da0_0 .net "wd", 31 0, L_0x5b57b6e4c7a0;  alias, 1 drivers
v0x5b57b6e33e80_0 .net "we", 0 0, v0x5b57b6e32050_0;  alias, 1 drivers
E_0x5b57b6dae350 .event posedge, v0x5b57b6e33bb0_0;
L_0x5b57b6e4e600 .array/port v0x5b57b6e33820, L_0x5b57b6e4e6a0;
L_0x5b57b6e4e6a0 .part v0x5b57b6e34ad0_0, 2, 30;
S_0x5b57b6e34010 .scope module, "dp" "datapath" 3 30, 6 1 0, S_0x5b57b6e008c0;
 .timescale 0 0;
    .port_info 0 /INPUT 1 "clk";
    .port_info 1 /INPUT 1 "reset";
    .port_info 2 /INPUT 2 "resultsrc";
    .port_info 3 /INPUT 1 "pcsrc";
    .port_info 4 /INPUT 1 "alusrc";
    .port_info 5 /INPUT 1 "regwrite";
    .port_info 6 /INPUT 2 "immsrc";
    .port_info 7 /INPUT 3 "alucontrol";
    .port_info 8 /INPUT 1 "load_type";
    .port_info 9 /OUTPUT 1 "zero";
    .port_info 10 /OUTPUT 32 "pc";
    .port_info 11 /INPUT 32 "instr";
    .port_info 12 /OUTPUT 32 "aluout";
    .port_info 13 /OUTPUT 32 "writedata";
    .port_info 14 /INPUT 32 "readdata";
L_0x75693b6800a8 .functor BUFT 1, C4<00000000000000000000000000000100>, C4<0>, C4<0>, C4<0>;
v0x5b57b6e36c70_0 .net/2u *"_ivl_0", 31 0, L_0x75693b6800a8;  1 drivers
v0x5b57b6e36d70_0 .net *"_ivl_19", 0 0, L_0x5b57b6e4cef0;  1 drivers
v0x5b57b6e36e50_0 .net *"_ivl_21", 0 0, L_0x5b57b6e4cf90;  1 drivers
v0x5b57b6e36f10_0 .net *"_ivl_23", 15 0, L_0x5b57b6e4d090;  1 drivers
v0x5b57b6e36ff0_0 .net *"_ivl_25", 15 0, L_0x5b57b6e4d130;  1 drivers
v0x5b57b6e370d0_0 .net *"_ivl_26", 31 0, L_0x5b57b6e4d2d0;  1 drivers
v0x5b57b6e371b0_0 .net *"_ivl_29", 0 0, L_0x5b57b6e4d3c0;  1 drivers
v0x5b57b6e37290_0 .net *"_ivl_31", 15 0, L_0x5b57b6e4d4e0;  1 drivers
v0x5b57b6e37370_0 .net *"_ivl_33", 15 0, L_0x5b57b6e4d5d0;  1 drivers
v0x5b57b6e37450_0 .net *"_ivl_34", 31 0, L_0x5b57b6e4d700;  1 drivers
L_0x75693b680378 .functor BUFT 1, C4<00>, C4<0>, C4<0>, C4<0>;
v0x5b57b6e37530_0 .net/2u *"_ivl_40", 1 0, L_0x75693b680378;  1 drivers
v0x5b57b6e37610_0 .net *"_ivl_42", 0 0, L_0x5b57b6e4db10;  1 drivers
L_0x75693b6803c0 .functor BUFT 1, C4<01>, C4<0>, C4<0>, C4<0>;
v0x5b57b6e376d0_0 .net/2u *"_ivl_44", 1 0, L_0x75693b6803c0;  1 drivers
v0x5b57b6e377b0_0 .net *"_ivl_46", 0 0, L_0x5b57b6e4d8e0;  1 drivers
L_0x75693b680408 .functor BUFT 1, C4<10>, C4<0>, C4<0>, C4<0>;
v0x5b57b6e37870_0 .net/2u *"_ivl_48", 1 0, L_0x75693b680408;  1 drivers
v0x5b57b6e37950_0 .net *"_ivl_50", 0 0, L_0x5b57b6e4dd40;  1 drivers
L_0x75693b680450 .functor BUFT 1, C4<xxxxxxxxxxxxxxxxxxxxxxxxxxxxxxxx>, C4<0>, C4<0>, C4<0>;
v0x5b57b6e37a10_0 .net *"_ivl_52", 31 0, L_0x75693b680450;  1 drivers
v0x5b57b6e37c00_0 .net *"_ivl_54", 31 0, L_0x5b57b6e4def0;  1 drivers
v0x5b57b6e37ce0_0 .net *"_ivl_56", 31 0, L_0x5b57b6e4e030;  1 drivers
v0x5b57b6e37dc0_0 .net "alucontrol", 2 0, v0x5b57b6deb580_0;  alias, 1 drivers
v0x5b57b6e37e80_0 .net "aluout", 31 0, v0x5b57b6e34ad0_0;  alias, 1 drivers
v0x5b57b6e37f40_0 .net "alusrc", 0 0, v0x5b57b6e31d20_0;  alias, 1 drivers
v0x5b57b6e38030_0 .net "clk", 0 0, v0x5b57b6e3a900_0;  alias, 1 drivers
v0x5b57b6e38120_0 .net "final_readdata", 31 0, L_0x5b57b6e4da70;  1 drivers
v0x5b57b6e38200_0 .net "immext", 31 0, v0x5b57b6e34f90_0;  1 drivers
v0x5b57b6e382c0_0 .net "immsrc", 1 0, v0x5b57b6e31e60_0;  alias, 1 drivers
v0x5b57b6e38360_0 .net "instr", 31 0, L_0x5b57b6e4d260;  alias, 1 drivers
v0x5b57b6e38440_0 .net "lh_data", 31 0, L_0x5b57b6e4d840;  1 drivers
v0x5b57b6e38520_0 .net "load_type", 0 0, L_0x5b57b6e3b2c0;  alias, 1 drivers
v0x5b57b6e385c0_0 .var "pc", 31 0;
v0x5b57b6e38680_0 .net "pcnext", 31 0, L_0x5b57b6e4bab0;  1 drivers
v0x5b57b6e38760_0 .net "pcplus4", 31 0, L_0x5b57b6e4b820;  1 drivers
v0x5b57b6e38840_0 .net "pcsrc", 0 0, L_0x5b57b6e3aff0;  alias, 1 drivers
v0x5b57b6e38af0_0 .net "pctarget", 31 0, L_0x5b57b6e4b980;  1 drivers
v0x5b57b6e38bb0_0 .net "readdata", 31 0, L_0x5b57b6e4b8c0;  alias, 1 drivers
v0x5b57b6e38c70_0 .net "regwrite", 0 0, v0x5b57b6e321f0_0;  alias, 1 drivers
v0x5b57b6e38d10_0 .net "reset", 0 0, v0x5b57b6e3abb0_0;  alias, 1 drivers
v0x5b57b6e38db0_0 .net "result", 31 0, L_0x5b57b6e4e290;  1 drivers
v0x5b57b6e38ea0_0 .net "resultsrc", 1 0, L_0x5b57b6e3b6d0;  alias, 1 drivers
v0x5b57b6e38f60_0 .net "srca", 31 0, L_0x5b57b6e4c0e0;  1 drivers
v0x5b57b6e39070_0 .net "srcb", 31 0, L_0x5b57b6e4cd10;  1 drivers
v0x5b57b6e39130_0 .net "writedata", 31 0, L_0x5b57b6e4c7a0;  alias, 1 drivers
v0x5b57b6e39220_0 .net "zero", 0 0, L_0x5b57b6e4ce50;  alias, 1 drivers
E_0x5b57b6e17640 .event posedge, v0x5b57b6e38d10_0, v0x5b57b6e33bb0_0;
L_0x5b57b6e4b820 .arith/sum 32, v0x5b57b6e385c0_0, L_0x75693b6800a8;
L_0x5b57b6e4b980 .arith/sum 32, v0x5b57b6e385c0_0, v0x5b57b6e34f90_0;
L_0x5b57b6e4bab0 .functor MUXZ 32, L_0x5b57b6e4b820, L_0x5b57b6e4b980, L_0x5b57b6e3aff0, C4<>;
L_0x5b57b6e4c940 .part L_0x5b57b6e4d260, 15, 5;
L_0x5b57b6e4c9e0 .part L_0x5b57b6e4d260, 20, 5;
L_0x5b57b6e4ca80 .part L_0x5b57b6e4d260, 7, 5;
L_0x5b57b6e4cc70 .part L_0x5b57b6e4d260, 7, 25;
L_0x5b57b6e4cd10 .functor MUXZ 32, L_0x5b57b6e4c7a0, v0x5b57b6e34f90_0, v0x5b57b6e31d20_0, C4<>;
L_0x5b57b6e4cef0 .part v0x5b57b6e34ad0_0, 1, 1;
L_0x5b57b6e4cf90 .part L_0x5b57b6e4b8c0, 31, 1;
L_0x5b57b6e4d090 .repeat 16, 16, L_0x5b57b6e4cf90;
L_0x5b57b6e4d130 .part L_0x5b57b6e4b8c0, 16, 16;
L_0x5b57b6e4d2d0 .concat [ 16 16 0 0], L_0x5b57b6e4d130, L_0x5b57b6e4d090;
L_0x5b57b6e4d3c0 .part L_0x5b57b6e4b8c0, 15, 1;
L_0x5b57b6e4d4e0 .repeat 16, 16, L_0x5b57b6e4d3c0;
L_0x5b57b6e4d5d0 .part L_0x5b57b6e4b8c0, 0, 16;
L_0x5b57b6e4d700 .concat [ 16 16 0 0], L_0x5b57b6e4d5d0, L_0x5b57b6e4d4e0;
L_0x5b57b6e4d840 .functor MUXZ 32, L_0x5b57b6e4d700, L_0x5b57b6e4d2d0, L_0x5b57b6e4cef0, C4<>;
L_0x5b57b6e4da70 .functor MUXZ 32, L_0x5b57b6e4b8c0, L_0x5b57b6e4d840, L_0x5b57b6e3b2c0, C4<>;
L_0x5b57b6e4db10 .cmp/eq 2, L_0x5b57b6e3b6d0, L_0x75693b680378;
L_0x5b57b6e4d8e0 .cmp/eq 2, L_0x5b57b6e3b6d0, L_0x75693b6803c0;
L_0x5b57b6e4dd40 .cmp/eq 2, L_0x5b57b6e3b6d0, L_0x75693b680408;
L_0x5b57b6e4def0 .functor MUXZ 32, L_0x75693b680450, L_0x5b57b6e4b820, L_0x5b57b6e4dd40, C4<>;
L_0x5b57b6e4e030 .functor MUXZ 32, L_0x5b57b6e4def0, L_0x5b57b6e4da70, L_0x5b57b6e4d8e0, C4<>;
L_0x5b57b6e4e290 .functor MUXZ 32, L_0x5b57b6e4e030, v0x5b57b6e34ad0_0, L_0x5b57b6e4db10, C4<>;
S_0x5b57b6e34400 .scope module, "alu_inst" "alu" 6 50, 7 1 0, S_0x5b57b6e34010;
 .timescale 0 0;
    .port_info 0 /INPUT 32 "a";
    .port_info 1 /INPUT 32 "b";
    .port_info 2 /INPUT 3 "alucontrol";
    .port_info 3 /OUTPUT 32 "result";
    .port_info 4 /OUTPUT 1 "zero";
L_0x75693b680330 .functor BUFT 1, C4<00000000000000000000000000000000>, C4<0>, C4<0>, C4<0>;
v0x5b57b6e346f0_0 .net/2u *"_ivl_0", 31 0, L_0x75693b680330;  1 drivers
v0x5b57b6e347f0_0 .net "a", 31 0, L_0x5b57b6e4c0e0;  alias, 1 drivers
v0x5b57b6e348d0_0 .net "alucontrol", 2 0, v0x5b57b6deb580_0;  alias, 1 drivers
v0x5b57b6e349f0_0 .net "b", 31 0, L_0x5b57b6e4cd10;  alias, 1 drivers
v0x5b57b6e34ad0_0 .var "result", 31 0;
v0x5b57b6e34be0_0 .net "zero", 0 0, L_0x5b57b6e4ce50;  alias, 1 drivers
E_0x5b57b6e192b0 .event anyedge, v0x5b57b6deb580_0, v0x5b57b6e347f0_0, v0x5b57b6e349f0_0;
L_0x5b57b6e4ce50 .cmp/eq 32, v0x5b57b6e34ad0_0, L_0x75693b680330;
S_0x5b57b6e34d10 .scope module, "ext" "extend" 6 42, 8 1 0, S_0x5b57b6e34010;
 .timescale 0 0;
    .port_info 0 /INPUT 25 "instr";
    .port_info 1 /INPUT 2 "immsrc";
    .port_info 2 /OUTPUT 32 "immext";
v0x5b57b6e34f90_0 .var "immext", 31 0;
v0x5b57b6e35090_0 .net "immsrc", 1 0, v0x5b57b6e31e60_0;  alias, 1 drivers
v0x5b57b6e351a0_0 .net "instr", 31 7, L_0x5b57b6e4cc70;  1 drivers
E_0x5b57b6e34f10 .event anyedge, v0x5b57b6e31e60_0, v0x5b57b6e351a0_0;
S_0x5b57b6e352e0 .scope module, "rf" "regfile" 6 31, 9 1 0, S_0x5b57b6e34010;
 .timescale 0 0;
    .port_info 0 /INPUT 1 "clk";
    .port_info 1 /INPUT 1 "we3";
    .port_info 2 /INPUT 5 "a1";
    .port_info 3 /INPUT 5 "a2";
    .port_info 4 /INPUT 5 "a3";
    .port_info 5 /INPUT 32 "wd3";
    .port_info 6 /OUTPUT 32 "rd1";
    .port_info 7 /OUTPUT 32 "rd2";
v0x5b57b6e35510_0 .net *"_ivl_0", 31 0, L_0x5b57b6e4bc30;  1 drivers
v0x5b57b6e355d0_0 .net *"_ivl_10", 6 0, L_0x5b57b6e4bf50;  1 drivers
L_0x75693b680180 .functor BUFT 1, C4<00>, C4<0>, C4<0>, C4<0>;
v0x5b57b6e356b0_0 .net *"_ivl_13", 1 0, L_0x75693b680180;  1 drivers
L_0x75693b6801c8 .functor BUFT 1, C4<00000000000000000000000000000000>, C4<0>, C4<0>, C4<0>;
v0x5b57b6e357a0_0 .net/2u *"_ivl_14", 31 0, L_0x75693b6801c8;  1 drivers
v0x5b57b6e35880_0 .net *"_ivl_18", 31 0, L_0x5b57b6e4c270;  1 drivers
L_0x75693b680210 .functor BUFT 1, C4<000000000000000000000000000>, C4<0>, C4<0>, C4<0>;
v0x5b57b6e359b0_0 .net *"_ivl_21", 26 0, L_0x75693b680210;  1 drivers
L_0x75693b680258 .functor BUFT 1, C4<00000000000000000000000000000000>, C4<0>, C4<0>, C4<0>;
v0x5b57b6e35a90_0 .net/2u *"_ivl_22", 31 0, L_0x75693b680258;  1 drivers
v0x5b57b6e35b70_0 .net *"_ivl_24", 0 0, L_0x5b57b6e4c430;  1 drivers
v0x5b57b6e35c30_0 .net *"_ivl_26", 31 0, L_0x5b57b6e4c520;  1 drivers
v0x5b57b6e35d10_0 .net *"_ivl_28", 6 0, L_0x5b57b6e4c610;  1 drivers
L_0x75693b6800f0 .functor BUFT 1, C4<000000000000000000000000000>, C4<0>, C4<0>, C4<0>;
v0x5b57b6e35df0_0 .net *"_ivl_3", 26 0, L_0x75693b6800f0;  1 drivers
L_0x75693b6802a0 .functor BUFT 1, C4<00>, C4<0>, C4<0>, C4<0>;
v0x5b57b6e35ed0_0 .net *"_ivl_31", 1 0, L_0x75693b6802a0;  1 drivers
L_0x75693b6802e8 .functor BUFT 1, C4<00000000000000000000000000000000>, C4<0>, C4<0>, C4<0>;
v0x5b57b6e35fb0_0 .net/2u *"_ivl_32", 31 0, L_0x75693b6802e8;  1 drivers
L_0x75693b680138 .functor BUFT 1, C4<00000000000000000000000000000000>, C4<0>, C4<0>, C4<0>;
v0x5b57b6e36090_0 .net/2u *"_ivl_4", 31 0, L_0x75693b680138;  1 drivers
v0x5b57b6e36170_0 .net *"_ivl_6", 0 0, L_0x5b57b6e4bd70;  1 drivers
v0x5b57b6e36230_0 .net *"_ivl_8", 31 0, L_0x5b57b6e4beb0;  1 drivers
v0x5b57b6e36310_0 .net "a1", 4 0, L_0x5b57b6e4c940;  1 drivers
v0x5b57b6e36500_0 .net "a2", 4 0, L_0x5b57b6e4c9e0;  1 drivers
v0x5b57b6e365e0_0 .net "a3", 4 0, L_0x5b57b6e4ca80;  1 drivers
v0x5b57b6e366c0_0 .net "clk", 0 0, v0x5b57b6e3a900_0;  alias, 1 drivers
v0x5b57b6e36760_0 .net "rd1", 31 0, L_0x5b57b6e4c0e0;  alias, 1 drivers
v0x5b57b6e36830_0 .net "rd2", 31 0, L_0x5b57b6e4c7a0;  alias, 1 drivers
v0x5b57b6e36900 .array "rf", 0 31, 31 0;
v0x5b57b6e369a0_0 .net "wd3", 31 0, L_0x5b57b6e4e290;  alias, 1 drivers
v0x5b57b6e36a80_0 .net "we3", 0 0, v0x5b57b6e321f0_0;  alias, 1 drivers
L_0x5b57b6e4bc30 .concat [ 5 27 0 0], L_0x5b57b6e4c940, L_0x75693b6800f0;
L_0x5b57b6e4bd70 .cmp/ne 32, L_0x5b57b6e4bc30, L_0x75693b680138;
L_0x5b57b6e4beb0 .array/port v0x5b57b6e36900, L_0x5b57b6e4bf50;
L_0x5b57b6e4bf50 .concat [ 5 2 0 0], L_0x5b57b6e4c940, L_0x75693b680180;
L_0x5b57b6e4c0e0 .functor MUXZ 32, L_0x75693b6801c8, L_0x5b57b6e4beb0, L_0x5b57b6e4bd70, C4<>;
L_0x5b57b6e4c270 .concat [ 5 27 0 0], L_0x5b57b6e4c9e0, L_0x75693b680210;
L_0x5b57b6e4c430 .cmp/ne 32, L_0x5b57b6e4c270, L_0x75693b680258;
L_0x5b57b6e4c520 .array/port v0x5b57b6e36900, L_0x5b57b6e4c610;
L_0x5b57b6e4c610 .concat [ 5 2 0 0], L_0x5b57b6e4c9e0, L_0x75693b6802a0;
L_0x5b57b6e4c7a0 .functor MUXZ 32, L_0x75693b6802e8, L_0x5b57b6e4c520, L_0x5b57b6e4c430, C4<>;
S_0x5b57b6e394f0 .scope module, "imem_inst" "imem" 3 48, 10 1 0, S_0x5b57b6e008c0;
 .timescale 0 0;
    .port_info 0 /INPUT 32 "a";
    .port_info 1 /OUTPUT 32 "rd";
L_0x5b57b6e4d260 .functor BUFZ 32, L_0x5b57b6e4e420, C4<00000000000000000000000000000000>, C4<00000000000000000000000000000000>, C4<00000000000000000000000000000000>;
v0x5b57b6e39740 .array "ROM", 63 0, 31 0;
v0x5b57b6e39820_0 .net *"_ivl_0", 31 0, L_0x5b57b6e4e420;  1 drivers
v0x5b57b6e39900_0 .net *"_ivl_3", 29 0, L_0x5b57b6e4e4c0;  1 drivers
v0x5b57b6e399c0_0 .net "a", 31 0, v0x5b57b6e385c0_0;  alias, 1 drivers
v0x5b57b6e39a80_0 .net "rd", 31 0, L_0x5b57b6e4d260;  alias, 1 drivers
L_0x5b57b6e4e420 .array/port v0x5b57b6e39740, L_0x5b57b6e4e4c0;
L_0x5b57b6e4e4c0 .part v0x5b57b6e385c0_0, 2, 30;
    .scope S_0x5b57b6e319d0;
T_0 ;
    %wait E_0x5b57b6dc3be0;
    %load/vec4 v0x5b57b6e32110_0;
    %dup/vec4;
    %pushi/vec4 3, 0, 7;
    %cmp/u;
    %jmp/1 T_0.0, 6;
    %dup/vec4;
    %pushi/vec4 35, 0, 7;
    %cmp/u;
    %jmp/1 T_0.1, 6;
    %dup/vec4;
    %pushi/vec4 51, 0, 7;
    %cmp/u;
    %jmp/1 T_0.2, 6;
    %dup/vec4;
    %pushi/vec4 99, 0, 7;
    %cmp/u;
    %jmp/1 T_0.3, 6;
    %dup/vec4;
    %pushi/vec4 19, 0, 7;
    %cmp/u;
    %jmp/1 T_0.4, 6;
    %dup/vec4;
    %pushi/vec4 111, 0, 7;
    %cmp/u;
    %jmp/1 T_0.5, 6;
    %pushi/vec4 0, 0, 1;
    %store/vec4 v0x5b57b6e321f0_0, 0, 1;
    %pushi/vec4 0, 0, 2;
    %store/vec4 v0x5b57b6e31e60_0, 0, 2;
    %pushi/vec4 0, 0, 1;
    %store/vec4 v0x5b57b6e31d20_0, 0, 1;
    %pushi/vec4 0, 0, 1;
    %store/vec4 v0x5b57b6e32050_0, 0, 1;
    %pushi/vec4 0, 0, 2;
    %store/vec4 v0x5b57b6e322b0_0, 0, 2;
    %pushi/vec4 0, 0, 1;
    %store/vec4 v0x5b57b6e31dc0_0, 0, 1;
    %pushi/vec4 0, 0, 2;
    %store/vec4 v0x5b57b6e31c40_0, 0, 2;
    %pushi/vec4 0, 0, 1;
    %store/vec4 v0x5b57b6e31f40_0, 0, 1;
    %jmp T_0.7;
T_0.0 ;
    %pushi/vec4 1, 0, 1;
    %store/vec4 v0x5b57b6e321f0_0, 0, 1;
    %pushi/vec4 0, 0, 2;
    %store/vec4 v0x5b57b6e31e60_0, 0, 2;
    %pushi/vec4 1, 0, 1;
    %store/vec4 v0x5b57b6e31d20_0, 0, 1;
    %pushi/vec4 0, 0, 1;
    %store/vec4 v0x5b57b6e32050_0, 0, 1;
    %pushi/vec4 1, 0, 2;
    %store/vec4 v0x5b57b6e322b0_0, 0, 2;
    %pushi/vec4 0, 0, 1;
    %store/vec4 v0x5b57b6e31dc0_0, 0, 1;
    %pushi/vec4 0, 0, 2;
    %store/vec4 v0x5b57b6e31c40_0, 0, 2;
    %pushi/vec4 0, 0, 1;
    %store/vec4 v0x5b57b6e31f40_0, 0, 1;
    %jmp T_0.7;
T_0.1 ;
    %pushi/vec4 0, 0, 1;
    %store/vec4 v0x5b57b6e321f0_0, 0, 1;
    %pushi/vec4 1, 0, 2;
    %store/vec4 v0x5b57b6e31e60_0, 0, 2;
    %pushi/vec4 1, 0, 1;
    %store/vec4 v0x5b57b6e31d20_0, 0, 1;
    %pushi/vec4 1, 0, 1;
    %store/vec4 v0x5b57b6e32050_0, 0, 1;
    %pushi/vec4 3, 3, 2;
    %store/vec4 v0x5b57b6e322b0_0, 0, 2;
    %pushi/vec4 0, 0, 1;
    %store/vec4 v0x5b57b6e31dc0_0, 0, 1;
    %pushi/vec4 0, 0, 2;
    %store/vec4 v0x5b57b6e31c40_0, 0, 2;
    %pushi/vec4 0, 0, 1;
    %store/vec4 v0x5b57b6e31f40_0, 0, 1;
    %jmp T_0.7;
T_0.2 ;
    %pushi/vec4 1, 0, 1;
    %store/vec4 v0x5b57b6e321f0_0, 0, 1;
    %pushi/vec4 3, 3, 2;
    %store/vec4 v0x5b57b6e31e60_0, 0, 2;
    %pushi/vec4 0, 0, 1;
    %store/vec4 v0x5b57b6e31d20_0, 0, 1;
    %pushi/vec4 0, 0, 1;
    %store/vec4 v0x5b57b6e32050_0, 0, 1;
    %pushi/vec4 0, 0, 2;
    %store/vec4 v0x5b57b6e322b0_0, 0, 2;
    %pushi/vec4 0, 0, 1;
    %store/vec4 v0x5b57b6e31dc0_0, 0, 1;
    %pushi/vec4 2, 0, 2;
    %store/vec4 v0x5b57b6e31c40_0, 0, 2;
    %pushi/vec4 0, 0, 1;
    %store/vec4 v0x5b57b6e31f40_0, 0, 1;
    %jmp T_0.7;
T_0.3 ;
    %pushi/vec4 0, 0, 1;
    %store/vec4 v0x5b57b6e321f0_0, 0, 1;
    %pushi/vec4 2, 0, 2;
    %store/vec4 v0x5b57b6e31e60_0, 0, 2;
    %pushi/vec4 0, 0, 1;
    %store/vec4 v0x5b57b6e31d20_0, 0, 1;
    %pushi/vec4 0, 0, 1;
    %store/vec4 v0x5b57b6e32050_0, 0, 1;
    %pushi/vec4 3, 3, 2;
    %store/vec4 v0x5b57b6e322b0_0, 0, 2;
    %pushi/vec4 1, 0, 1;
    %store/vec4 v0x5b57b6e31dc0_0, 0, 1;
    %pushi/vec4 1, 0, 2;
    %store/vec4 v0x5b57b6e31c40_0, 0, 2;
    %pushi/vec4 0, 0, 1;
    %store/vec4 v0x5b57b6e31f40_0, 0, 1;
    %jmp T_0.7;
T_0.4 ;
    %pushi/vec4 1, 0, 1;
    %store/vec4 v0x5b57b6e321f0_0, 0, 1;
    %pushi/vec4 0, 0, 2;
    %store/vec4 v0x5b57b6e31e60_0, 0, 2;
    %pushi/vec4 1, 0, 1;
    %store/vec4 v0x5b57b6e31d20_0, 0, 1;
    %pushi/vec4 0, 0, 1;
    %store/vec4 v0x5b57b6e32050_0, 0, 1;
    %pushi/vec4 0, 0, 2;
    %store/vec4 v0x5b57b6e322b0_0, 0, 2;
    %pushi/vec4 0, 0, 1;
    %store/vec4 v0x5b57b6e31dc0_0, 0, 1;
    %pushi/vec4 2, 0, 2;
    %store/vec4 v0x5b57b6e31c40_0, 0, 2;
    %pushi/vec4 0, 0, 1;
    %store/vec4 v0x5b57b6e31f40_0, 0, 1;
    %jmp T_0.7;
T_0.5 ;
    %pushi/vec4 1, 0, 1;
    %store/vec4 v0x5b57b6e321f0_0, 0, 1;
    %pushi/vec4 3, 0, 2;
    %store/vec4 v0x5b57b6e31e60_0, 0, 2;
    %pushi/vec4 1, 1, 1;
    %store/vec4 v0x5b57b6e31d20_0, 0, 1;
    %pushi/vec4 0, 0, 1;
    %store/vec4 v0x5b57b6e32050_0, 0, 1;
    %pushi/vec4 2, 0, 2;
    %store/vec4 v0x5b57b6e322b0_0, 0, 2;
    %pushi/vec4 0, 0, 1;
    %store/vec4 v0x5b57b6e31dc0_0, 0, 1;
    %pushi/vec4 3, 3, 2;
    %store/vec4 v0x5b57b6e31c40_0, 0, 2;
    %pushi/vec4 1, 0, 1;
    %store/vec4 v0x5b57b6e31f40_0, 0, 1;
    %jmp T_0.7;
T_0.7 ;
    %pop/vec4 1;
    %jmp T_0;
    .thread T_0, $push;
    .scope S_0x5b57b6dd5960;
T_1 ;
    %wait E_0x5b57b6dc3930;
    %load/vec4 v0x5b57b6e06b40_0;
    %dup/vec4;
    %pushi/vec4 0, 0, 2;
    %cmp/u;
    %jmp/1 T_1.0, 6;
    %dup/vec4;
    %pushi/vec4 1, 0, 2;
    %cmp/u;
    %jmp/1 T_1.1, 6;
    %dup/vec4;
    %pushi/vec4 2, 0, 2;
    %cmp/u;
    %jmp/1 T_1.2, 6;
    %pushi/vec4 7, 7, 3;
    %store/vec4 v0x5b57b6deb580_0, 0, 3;
    %jmp T_1.4;
T_1.0 ;
    %pushi/vec4 0, 0, 3;
    %store/vec4 v0x5b57b6deb580_0, 0, 3;
    %jmp T_1.4;
T_1.1 ;
    %pushi/vec4 1, 0, 3;
    %store/vec4 v0x5b57b6deb580_0, 0, 3;
    %jmp T_1.4;
T_1.2 ;
    %load/vec4 v0x5b57b6e316a0_0;
    %dup/vec4;
    %pushi/vec4 0, 0, 3;
    %cmp/u;
    %jmp/1 T_1.5, 6;
    %dup/vec4;
    %pushi/vec4 2, 0, 3;
    %cmp/u;
    %jmp/1 T_1.6, 6;
    %dup/vec4;
    %pushi/vec4 6, 0, 3;
    %cmp/u;
    %jmp/1 T_1.7, 6;
    %dup/vec4;
    %pushi/vec4 7, 0, 3;
    %cmp/u;
    %jmp/1 T_1.8, 6;
    %dup/vec4;
    %pushi/vec4 5, 0, 3;
    %cmp/u;
    %jmp/1 T_1.9, 6;
    %pushi/vec4 7, 7, 3;
    %store/vec4 v0x5b57b6deb580_0, 0, 3;
    %jmp T_1.11;
T_1.5 ;
    %load/vec4 v0x5b57b6e31820_0;
    %load/vec4 v0x5b57b6e31760_0;
    %concat/vec4; draw_concat_vec4
    %cmpi/e 3, 0, 2;
    %jmp/0xz  T_1.12, 4;
    %pushi/vec4 1, 0, 3;
    %store/vec4 v0x5b57b6deb580_0, 0, 3;
    %jmp T_1.13;
T_1.12 ;
    %pushi/vec4 0, 0, 3;
    %store/vec4 v0x5b57b6deb580_0, 0, 3;
T_1.13 ;
    %jmp T_1.11;
T_1.6 ;
    %pushi/vec4 5, 0, 3;
    %store/vec4 v0x5b57b6deb580_0, 0, 3;
    %jmp T_1.11;
T_1.7 ;
    %pushi/vec4 3, 0, 3;
    %store/vec4 v0x5b57b6deb580_0, 0, 3;
    %jmp T_1.11;
T_1.8 ;
    %pushi/vec4 2, 0, 3;
    %store/vec4 v0x5b57b6deb580_0, 0, 3;
    %jmp T_1.11;
T_1.9 ;
    %load/vec4 v0x5b57b6e31760_0;
    %flag_set/vec4 8;
    %jmp/0xz  T_1.14, 8;
    %pushi/vec4 4, 0, 3;
    %store/vec4 v0x5b57b6deb580_0, 0, 3;
    %jmp T_1.15;
T_1.14 ;
    %pushi/vec4 7, 7, 3;
    %store/vec4 v0x5b57b6deb580_0, 0, 3;
T_1.15 ;
    %jmp T_1.11;
T_1.11 ;
    %pop/vec4 1;
    %jmp T_1.4;
T_1.4 ;
    %pop/vec4 1;
    %jmp T_1;
    .thread T_1, $push;
    .scope S_0x5b57b6e352e0;
T_2 ;
    %wait E_0x5b57b6dae350;
    %load/vec4 v0x5b57b6e36a80_0;
    %flag_set/vec4 9;
    %flag_get/vec4 9;
    %jmp/0 T_2.2, 9;
    %load/vec4 v0x5b57b6e365e0_0;
    %pad/u 32;
    %pushi/vec4 0, 0, 32;
    %cmp/ne;
    %flag_get/vec4 4;
    %and;
T_2.2;
    %flag_set/vec4 8;
    %jmp/0xz  T_2.0, 8;
    %load/vec4 v0x5b57b6e369a0_0;
    %load/vec4 v0x5b57b6e365e0_0;
    %pad/u 7;
    %ix/vec4 3;
    %ix/load 4, 0, 0; Constant delay
    %assign/vec4/a/d v0x5b57b6e36900, 0, 4;
T_2.0 ;
    %jmp T_2;
    .thread T_2;
    .scope S_0x5b57b6e34d10;
T_3 ;
    %wait E_0x5b57b6e34f10;
    %load/vec4 v0x5b57b6e35090_0;
    %dup/vec4;
    %pushi/vec4 0, 0, 2;
    %cmp/u;
    %jmp/1 T_3.0, 6;
    %dup/vec4;
    %pushi/vec4 1, 0, 2;
    %cmp/u;
    %jmp/1 T_3.1, 6;
    %dup/vec4;
    %pushi/vec4 2, 0, 2;
    %cmp/u;
    %jmp/1 T_3.2, 6;
    %dup/vec4;
    %pushi/vec4 3, 0, 2;
    %cmp/u;
    %jmp/1 T_3.3, 6;
    %pushi/vec4 4294967295, 4294967295, 32;
    %store/vec4 v0x5b57b6e34f90_0, 0, 32;
    %jmp T_3.5;
T_3.0 ;
    %load/vec4 v0x5b57b6e351a0_0;
    %parti/s 1, 24, 6;
    %replicate 20;
    %load/vec4 v0x5b57b6e351a0_0;
    %parti/s 12, 13, 5;
    %concat/vec4; draw_concat_vec4
    %store/vec4 v0x5b57b6e34f90_0, 0, 32;
    %jmp T_3.5;
T_3.1 ;
    %load/vec4 v0x5b57b6e351a0_0;
    %parti/s 1, 24, 6;
    %replicate 20;
    %load/vec4 v0x5b57b6e351a0_0;
    %parti/s 7, 18, 6;
    %concat/vec4; draw_concat_vec4
    %load/vec4 v0x5b57b6e351a0_0;
    %parti/s 5, 0, 2;
    %concat/vec4; draw_concat_vec4
    %store/vec4 v0x5b57b6e34f90_0, 0, 32;
    %jmp T_3.5;
T_3.2 ;
    %load/vec4 v0x5b57b6e351a0_0;
    %parti/s 1, 24, 6;
    %replicate 20;
    %load/vec4 v0x5b57b6e351a0_0;
    %parti/s 1, 0, 2;
    %concat/vec4; draw_concat_vec4
    %load/vec4 v0x5b57b6e351a0_0;
    %parti/s 6, 18, 6;
    %concat/vec4; draw_concat_vec4
    %load/vec4 v0x5b57b6e351a0_0;
    %parti/s 4, 1, 2;
    %concat/vec4; draw_concat_vec4
    %concati/vec4 0, 0, 1;
    %store/vec4 v0x5b57b6e34f90_0, 0, 32;
    %jmp T_3.5;
T_3.3 ;
    %load/vec4 v0x5b57b6e351a0_0;
    %parti/s 1, 24, 6;
    %replicate 12;
    %load/vec4 v0x5b57b6e351a0_0;
    %parti/s 8, 5, 4;
    %concat/vec4; draw_concat_vec4
    %load/vec4 v0x5b57b6e351a0_0;
    %parti/s 1, 13, 5;
    %concat/vec4; draw_concat_vec4
    %load/vec4 v0x5b57b6e351a0_0;
    %parti/s 10, 14, 5;
    %concat/vec4; draw_concat_vec4
    %concati/vec4 0, 0, 1;
    %store/vec4 v0x5b57b6e34f90_0, 0, 32;
    %jmp T_3.5;
T_3.5 ;
    %pop/vec4 1;
    %jmp T_3;
    .thread T_3, $push;
    .scope S_0x5b57b6e34400;
T_4 ;
    %wait E_0x5b57b6e192b0;
    %load/vec4 v0x5b57b6e348d0_0;
    %dup/vec4;
    %pushi/vec4 0, 0, 3;
    %cmp/u;
    %jmp/1 T_4.0, 6;
    %dup/vec4;
    %pushi/vec4 1, 0, 3;
    %cmp/u;
    %jmp/1 T_4.1, 6;
    %dup/vec4;
    %pushi/vec4 2, 0, 3;
    %cmp/u;
    %jmp/1 T_4.2, 6;
    %dup/vec4;
    %pushi/vec4 3, 0, 3;
    %cmp/u;
    %jmp/1 T_4.3, 6;
    %dup/vec4;
    %pushi/vec4 5, 0, 3;
    %cmp/u;
    %jmp/1 T_4.4, 6;
    %dup/vec4;
    %pushi/vec4 4, 0, 3;
    %cmp/u;
    %jmp/1 T_4.5, 6;
    %pushi/vec4 4294967295, 4294967295, 32;
    %store/vec4 v0x5b57b6e34ad0_0, 0, 32;
    %jmp T_4.7;
T_4.0 ;
    %load/vec4 v0x5b57b6e347f0_0;
    %load/vec4 v0x5b57b6e349f0_0;
    %add;
    %store/vec4 v0x5b57b6e34ad0_0, 0, 32;
    %jmp T_4.7;
T_4.1 ;
    %load/vec4 v0x5b57b6e347f0_0;
    %load/vec4 v0x5b57b6e349f0_0;
    %sub;
    %store/vec4 v0x5b57b6e34ad0_0, 0, 32;
    %jmp T_4.7;
T_4.2 ;
    %load/vec4 v0x5b57b6e347f0_0;
    %load/vec4 v0x5b57b6e349f0_0;
    %and;
    %store/vec4 v0x5b57b6e34ad0_0, 0, 32;
    %jmp T_4.7;
T_4.3 ;
    %load/vec4 v0x5b57b6e347f0_0;
    %load/vec4 v0x5b57b6e349f0_0;
    %or;
    %store/vec4 v0x5b57b6e34ad0_0, 0, 32;
    %jmp T_4.7;
T_4.4 ;
    %load/vec4 v0x5b57b6e347f0_0;
    %load/vec4 v0x5b57b6e349f0_0;
    %cmp/s;
    %flag_mov 8, 5;
    %jmp/0 T_4.8, 8;
    %pushi/vec4 1, 0, 32;
    %jmp/1 T_4.9, 8;
T_4.8 ; End of true expr.
    %pushi/vec4 0, 0, 32;
    %jmp/0 T_4.9, 8;
 ; End of false expr.
    %blend;
T_4.9;
    %store/vec4 v0x5b57b6e34ad0_0, 0, 32;
    %jmp T_4.7;
T_4.5 ;
    %load/vec4 v0x5b57b6e347f0_0;
    %load/vec4 v0x5b57b6e349f0_0;
    %parti/s 5, 0, 2;
    %ix/vec4 4;
    %shiftr/s 4;
    %store/vec4 v0x5b57b6e34ad0_0, 0, 32;
    %jmp T_4.7;
T_4.7 ;
    %pop/vec4 1;
    %jmp T_4;
    .thread T_4, $push;
    .scope S_0x5b57b6e34010;
T_5 ;
    %wait E_0x5b57b6e17640;
    %load/vec4 v0x5b57b6e38d10_0;
    %flag_set/vec4 8;
    %jmp/0xz  T_5.0, 8;
    %pushi/vec4 0, 0, 32;
    %assign/vec4 v0x5b57b6e385c0_0, 0;
    %jmp T_5.1;
T_5.0 ;
    %load/vec4 v0x5b57b6e38680_0;
    %assign/vec4 v0x5b57b6e385c0_0, 0;
T_5.1 ;
    %jmp T_5;
    .thread T_5;
    .scope S_0x5b57b6e394f0;
T_6 ;
    %vpi_call 10 8 "$readmemh", "memfile.hex", v0x5b57b6e39740 {0 0 0};
    %end;
    .thread T_6;
    .scope S_0x5b57b6e33570;
T_7 ;
    %wait E_0x5b57b6dae350;
    %load/vec4 v0x5b57b6e33e80_0;
    %flag_set/vec4 8;
    %jmp/0xz  T_7.0, 8;
    %load/vec4 v0x5b57b6e33da0_0;
    %load/vec4 v0x5b57b6e33ad0_0;
    %parti/s 30, 2, 3;
    %ix/vec4 3;
    %ix/load 4, 0, 0; Constant delay
    %assign/vec4/a/d v0x5b57b6e33820, 0, 4;
T_7.0 ;
    %jmp T_7;
    .thread T_7;
    .scope S_0x5b57b6e00590;
T_8 ;
    %vpi_call 2 18 "$dumpfile", "tb_q3.vcd" {0 0 0};
    %vpi_call 2 19 "$dumpvars", 32'sb00000000000000000000000000000000, S_0x5b57b6e00590 {0 0 0};
    %pushi/vec4 1, 0, 1;
    %assign/vec4 v0x5b57b6e3abb0_0, 0;
    %delay 22000, 0;
    %pushi/vec4 0, 0, 1;
    %assign/vec4 v0x5b57b6e3abb0_0, 0;
    %delay 200000, 0;
    %vpi_call 2 24 "$display", "Checking Q3 Results (lh test):" {0 0 0};
    %ix/load 4, 26, 0;
    %flag_set/imm 4, 0;
    %load/vec4a v0x5b57b6e33820, 4;
    %cmpi/e 4294967295, 0, 32;
    %jmp/0xz  T_8.0, 6;
    %vpi_call 2 26 "$display", "  [PASS] lh (negative): dmem[104] = -1" {0 0 0};
    %jmp T_8.1;
T_8.0 ;
    %vpi_call 2 28 "$display", "  [FAIL] lh (negative): dmem[104] = %h (expected ffffffff)", &A<v0x5b57b6e33820, 26> {0 0 0};
T_8.1 ;
    %ix/load 4, 28, 0;
    %flag_set/imm 4, 0;
    %load/vec4a v0x5b57b6e33820, 4;
    %cmpi/e 255, 0, 32;
    %jmp/0xz  T_8.2, 6;
    %vpi_call 2 32 "$display", "  [PASS] lh (positive): dmem[112] = 255" {0 0 0};
    %jmp T_8.3;
T_8.2 ;
    %vpi_call 2 34 "$display", "  [FAIL] lh (positive): dmem[112] = %h (expected 000000ff)", &A<v0x5b57b6e33820, 28> {0 0 0};
T_8.3 ;
    %vpi_call 2 37 "$finish" {0 0 0};
    %end;
    .thread T_8;
    .scope S_0x5b57b6e00590;
T_9 ;
    %pushi/vec4 1, 0, 1;
    %assign/vec4 v0x5b57b6e3a900_0, 0;
    %delay 5000, 0;
    %pushi/vec4 0, 0, 1;
    %assign/vec4 v0x5b57b6e3a900_0, 0;
    %delay 5000, 0;
    %jmp T_9;
    .thread T_9;
    .scope S_0x5b57b6e00590;
T_10 ;
    %wait E_0x5b57b6d8ac60;
    %load/vec4 v0x5b57b6e3aa80_0;
    %flag_set/vec4 8;
    %jmp/0xz  T_10.0, 8;
    %vpi_call 2 46 "$display", "  [WRITE] cycle=%0t : MEM[0x%08h] <= 0x%08h", $time, v0x5b57b6e3a9c0_0, v0x5b57b6e3ac50_0 {0 0 0};
T_10.0 ;
    %jmp T_10;
    .thread T_10;
# The file index is used to find the file name in the following table.
:file_names 11;
    "N/A";
    "<interactive>";
    "tb_q3.v";
    "riscv_core.v";
    "controller.v";
    "dmem.v";
    "datapath.v";
    "alu.v";
    "extend.v";
    "regfile.v";
    "imem.v";
